Archive member included to satisfy reference by file (symbol)

c:/st/stm32cubeide_1.7.0/stm32cubeide/plugins/com.st.stm32cube.ide.mcu.externaltools.gnu-tools-for-stm32.9-2020-q2-update.win32_2.0.0.202105311346/tools/bin/../lib/gcc/arm-none-eabi/9.3.1/../../../../arm-none-eabi/lib/thumb/v7e-m+fp/hard\libc_nano.a(lib_a-errno.o)
                              ./Core/Src/syscalls.o (__errno)
c:/st/stm32cubeide_1.7.0/stm32cubeide/plugins/com.st.stm32cube.ide.mcu.externaltools.gnu-tools-for-stm32.9-2020-q2-update.win32_2.0.0.202105311346/tools/bin/../lib/gcc/arm-none-eabi/9.3.1/../../../../arm-none-eabi/lib/thumb/v7e-m+fp/hard\libc_nano.a(lib_a-exit.o)
                              c:/st/stm32cubeide_1.7.0/stm32cubeide/plugins/com.st.stm32cube.ide.mcu.externaltools.gnu-tools-for-stm32.9-2020-q2-update.win32_2.0.0.202105311346/tools/bin/../lib/gcc/arm-none-eabi/9.3.1/../../../../arm-none-eabi/lib/thumb/v7e-m+fp/hard/crt0.o (exit)
c:/st/stm32cubeide_1.7.0/stm32cubeide/plugins/com.st.stm32cube.ide.mcu.externaltools.gnu-tools-for-stm32.9-2020-q2-update.win32_2.0.0.202105311346/tools/bin/../lib/gcc/arm-none-eabi/9.3.1/../../../../arm-none-eabi/lib/thumb/v7e-m+fp/hard\libc_nano.a(lib_a-impure.o)
                              c:/st/stm32cubeide_1.7.0/stm32cubeide/plugins/com.st.stm32cube.ide.mcu.externaltools.gnu-tools-for-stm32.9-2020-q2-update.win32_2.0.0.202105311346/tools/bin/../lib/gcc/arm-none-eabi/9.3.1/../../../../arm-none-eabi/lib/thumb/v7e-m+fp/hard\libc_nano.a(lib_a-exit.o) (_global_impure_ptr)
c:/st/stm32cubeide_1.7.0/stm32cubeide/plugins/com.st.stm32cube.ide.mcu.externaltools.gnu-tools-for-stm32.9-2020-q2-update.win32_2.0.0.202105311346/tools/bin/../lib/gcc/arm-none-eabi/9.3.1/../../../../arm-none-eabi/lib/thumb/v7e-m+fp/hard\libc_nano.a(lib_a-init.o)
                              c:/st/stm32cubeide_1.7.0/stm32cubeide/plugins/com.st.stm32cube.ide.mcu.externaltools.gnu-tools-for-stm32.9-2020-q2-update.win32_2.0.0.202105311346/tools/bin/../lib/gcc/arm-none-eabi/9.3.1/../../../../arm-none-eabi/lib/thumb/v7e-m+fp/hard/crt0.o (__libc_init_array)
c:/st/stm32cubeide_1.7.0/stm32cubeide/plugins/com.st.stm32cube.ide.mcu.externaltools.gnu-tools-for-stm32.9-2020-q2-update.win32_2.0.0.202105311346/tools/bin/../lib/gcc/arm-none-eabi/9.3.1/../../../../arm-none-eabi/lib/thumb/v7e-m+fp/hard\libc_nano.a(lib_a-memset.o)
                              c:/st/stm32cubeide_1.7.0/stm32cubeide/plugins/com.st.stm32cube.ide.mcu.externaltools.gnu-tools-for-stm32.9-2020-q2-update.win32_2.0.0.202105311346/tools/bin/../lib/gcc/arm-none-eabi/9.3.1/../../../../arm-none-eabi/lib/thumb/v7e-m+fp/hard/crt0.o (memset)

Allocating common symbols
Common symbol       size              file

uwTick              0x4               ./Drivers/STM32F3xx_HAL_Driver/Src/stm32f3xx_hal.o
pFlash              0x20              ./Drivers/STM32F3xx_HAL_Driver/Src/stm32f3xx_hal_flash.o

Discarded input sections

 .text          0x0000000000000000        0x0 c:/st/stm32cubeide_1.7.0/stm32cubeide/plugins/com.st.stm32cube.ide.mcu.externaltools.gnu-tools-for-stm32.9-2020-q2-update.win32_2.0.0.202105311346/tools/bin/../lib/gcc/arm-none-eabi/9.3.1/thumb/v7e-m+fp/hard/crti.o
 .data          0x0000000000000000        0x0 c:/st/stm32cubeide_1.7.0/stm32cubeide/plugins/com.st.stm32cube.ide.mcu.externaltools.gnu-tools-for-stm32.9-2020-q2-update.win32_2.0.0.202105311346/tools/bin/../lib/gcc/arm-none-eabi/9.3.1/thumb/v7e-m+fp/hard/crti.o
 .bss           0x0000000000000000        0x0 c:/st/stm32cubeide_1.7.0/stm32cubeide/plugins/com.st.stm32cube.ide.mcu.externaltools.gnu-tools-for-stm32.9-2020-q2-update.win32_2.0.0.202105311346/tools/bin/../lib/gcc/arm-none-eabi/9.3.1/thumb/v7e-m+fp/hard/crti.o
 .data          0x0000000000000000        0x4 c:/st/stm32cubeide_1.7.0/stm32cubeide/plugins/com.st.stm32cube.ide.mcu.externaltools.gnu-tools-for-stm32.9-2020-q2-update.win32_2.0.0.202105311346/tools/bin/../lib/gcc/arm-none-eabi/9.3.1/thumb/v7e-m+fp/hard/crtbegin.o
 .text          0x0000000000000000       0x7c c:/st/stm32cubeide_1.7.0/stm32cubeide/plugins/com.st.stm32cube.ide.mcu.externaltools.gnu-tools-for-stm32.9-2020-q2-update.win32_2.0.0.202105311346/tools/bin/../lib/gcc/arm-none-eabi/9.3.1/../../../../arm-none-eabi/lib/thumb/v7e-m+fp/hard/crt0.o
 .data          0x0000000000000000        0x0 c:/st/stm32cubeide_1.7.0/stm32cubeide/plugins/com.st.stm32cube.ide.mcu.externaltools.gnu-tools-for-stm32.9-2020-q2-update.win32_2.0.0.202105311346/tools/bin/../lib/gcc/arm-none-eabi/9.3.1/../../../../arm-none-eabi/lib/thumb/v7e-m+fp/hard/crt0.o
 .bss           0x0000000000000000        0x0 c:/st/stm32cubeide_1.7.0/stm32cubeide/plugins/com.st.stm32cube.ide.mcu.externaltools.gnu-tools-for-stm32.9-2020-q2-update.win32_2.0.0.202105311346/tools/bin/../lib/gcc/arm-none-eabi/9.3.1/../../../../arm-none-eabi/lib/thumb/v7e-m+fp/hard/crt0.o
[...]
Memory Configuration

Name             Origin             Length             Attributes
CCMRAM           0x0000000010000000 0x0000000000001000 xrw
RAM              0x0000000020000000 0x0000000000003000 xrw
FLASH            0x0000000008000000 0x0000000000010000 xr
*default*        0x0000000000000000 0xffffffffffffffff

Linker script and memory map

LOAD c:/st/stm32cubeide_1.7.0/stm32cubeide/plugins/com.st.stm32cube.ide.mcu.externaltools.gnu-tools-for-stm32.9-2020-q2-update.win32_2.0.0.202105311346/tools/bin/../lib/gcc/arm-none-eabi/9.3.1/thumb/v7e-m+fp/hard/crti.o
LOAD c:/st/stm32cubeide_1.7.0/stm32cubeide/plugins/com.st.stm32cube.ide.mcu.externaltools.gnu-tools-for-stm32.9-2020-q2-update.win32_2.0.0.202105311346/tools/bin/../lib/gcc/arm-none-eabi/9.3.1/thumb/v7e-m+fp/hard/crtbegin.o
LOAD c:/st/stm32cubeide_1.7.0/stm32cubeide/plugins/com.st.stm32cube.ide.mcu.externaltools.gnu-tools-for-stm32.9-2020-q2-update.win32_2.0.0.202105311346/tools/bin/../lib/gcc/arm-none-eabi/9.3.1/../../../../arm-none-eabi/lib/thumb/v7e-m+fp/hard/crt0.o
LOAD ./Core/Src/ADC.o
LOAD ./Core/Src/CAN.o
LOAD ./Core/Src/ENCODER.o
LOAD ./Core/Src/PWM.o
LOAD ./Core/Src/STM_MotorSystem_init.o
LOAD ./Core/Src/main.o
LOAD ./Core/Src/stm32f3xx_hal_msp.o
LOAD ./Core/Src/stm32f3xx_it.o
LOAD ./Core/Src/syscalls.o
LOAD ./Core/Src/sysmem.o
LOAD ./Core/Src/system_stm32f3xx.o
LOAD ./Core/Startup/startup_stm32f303k8tx.o
LOAD ./Drivers/STM32F3xx_HAL_Driver/Src/stm32f3xx_hal.o
LOAD ./Drivers/STM32F3xx_HAL_Driver/Src/stm32f3xx_hal_adc.o
LOAD ./Drivers/STM32F3xx_HAL_Driver/Src/stm32f3xx_hal_adc_ex.o
LOAD ./Drivers/STM32F3xx_HAL_Driver/Src/stm32f3xx_hal_can.o
LOAD ./Drivers/STM32F3xx_HAL_Driver/Src/stm32f3xx_hal_cortex.o
LOAD ./Drivers/STM32F3xx_HAL_Driver/Src/stm32f3xx_hal_dma.o
LOAD ./Drivers/STM32F3xx_HAL_Driver/Src/stm32f3xx_hal_exti.o
LOAD ./Drivers/STM32F3xx_HAL_Driver/Src/stm32f3xx_hal_flash.o
LOAD ./Drivers/STM32F3xx_HAL_Driver/Src/stm32f3xx_hal_flash_ex.o
LOAD ./Drivers/STM32F3xx_HAL_Driver/Src/stm32f3xx_hal_gpio.o
LOAD ./Drivers/STM32F3xx_HAL_Driver/Src/stm32f3xx_hal_i2c.o
LOAD ./Drivers/STM32F3xx_HAL_Driver/Src/stm32f3xx_hal_i2c_ex.o
LOAD ./Drivers/STM32F3xx_HAL_Driver/Src/stm32f3xx_hal_pwr.o
LOAD ./Drivers/STM32F3xx_HAL_Driver/Src/stm32f3xx_hal_pwr_ex.o
LOAD ./Drivers/STM32F3xx_HAL_Driver/Src/stm32f3xx_hal_rcc.o
LOAD ./Drivers/STM32F3xx_HAL_Driver/Src/stm32f3xx_hal_rcc_ex.o
LOAD ./Drivers/STM32F3xx_HAL_Driver/Src/stm32f3xx_hal_tim.o
LOAD ./Drivers/STM32F3xx_HAL_Driver/Src/stm32f3xx_hal_tim_ex.o
LOAD ./Drivers/STM32F3xx_HAL_Driver/Src/stm32f3xx_hal_uart.o
LOAD ./Drivers/STM32F3xx_HAL_Driver/Src/stm32f3xx_hal_uart_ex.o
START GROUP
LOAD c:/st/stm32cubeide_1.7.0/stm32cubeide/plugins/com.st.stm32cube.ide.mcu.externaltools.gnu-tools-for-stm32.9-2020-q2-update.win32_2.0.0.202105311346/tools/bin/../lib/gcc/arm-none-eabi/9.3.1/../../../../arm-none-eabi/lib/thumb/v7e-m+fp/hard\libstdc++_nano.a
LOAD c:/st/stm32cubeide_1.7.0/stm32cubeide/plugins/com.st.stm32cube.ide.mcu.externaltools.gnu-tools-for-stm32.9-2020-q2-update.win32_2.0.0.202105311346/tools/bin/../lib/gcc/arm-none-eabi/9.3.1/../../../../arm-none-eabi/lib/thumb/v7e-m+fp/hard\libsupc++_nano.a
END GROUP
LOAD c:/st/stm32cubeide_1.7.0/stm32cubeide/plugins/com.st.stm32cube.ide.mcu.externaltools.gnu-tools-for-stm32.9-2020-q2-update.win32_2.0.0.202105311346/tools/bin/../lib/gcc/arm-none-eabi/9.3.1/../../../../arm-none-eabi/lib/thumb/v7e-m+fp/hard\libstdc++_nano.a
LOAD c:/st/stm32cubeide_1.7.0/stm32cubeide/plugins/com.st.stm32cube.ide.mcu.externaltools.gnu-tools-for-stm32.9-2020-q2-update.win32_2.0.0.202105311346/tools/bin/../lib/gcc/arm-none-eabi/9.3.1/../../../../arm-none-eabi/lib/thumb/v7e-m+fp/hard\libm.a
LOAD c:/st/stm32cubeide_1.7.0/stm32cubeide/plugins/com.st.stm32cube.ide.mcu.externaltools.gnu-tools-for-stm32.9-2020-q2-update.win32_2.0.0.202105311346/tools/bin/../lib/gcc/arm-none-eabi/9.3.1/../../../../arm-none-eabi/lib/thumb/v7e-m+fp/hard\libc_nano.a
START GROUP
LOAD c:/st/stm32cubeide_1.7.0/stm32cubeide/plugins/com.st.stm32cube.ide.mcu.externaltools.gnu-tools-for-stm32.9-2020-q2-update.win32_2.0.0.202105311346/tools/bin/../lib/gcc/arm-none-eabi/9.3.1/thumb/v7e-m+fp/hard\libgcc.a
LOAD c:/st/stm32cubeide_1.7.0/stm32cubeide/plugins/com.st.stm32cube.ide.mcu.externaltools.gnu-tools-for-stm32.9-2020-q2-update.win32_2.0.0.202105311346/tools/bin/../lib/gcc/arm-none-eabi/9.3.1/../../../../arm-none-eabi/lib/thumb/v7e-m+fp/hard\libc_nano.a
END GROUP
START GROUP
LOAD c:/st/stm32cubeide_1.7.0/stm32cubeide/plugins/com.st.stm32cube.ide.mcu.externaltools.gnu-tools-for-stm32.9-2020-q2-update.win32_2.0.0.202105311346/tools/bin/../lib/gcc/arm-none-eabi/9.3.1/thumb/v7e-m+fp/hard\libgcc.a
LOAD c:/st/stm32cubeide_1.7.0/stm32cubeide/plugins/com.st.stm32cube.ide.mcu.externaltools.gnu-tools-for-stm32.9-2020-q2-update.win32_2.0.0.202105311346/tools/bin/../lib/gcc/arm-none-eabi/9.3.1/../../../../arm-none-eabi/lib/thumb/v7e-m+fp/hard\libc_nano.a
LOAD c:/st/stm32cubeide_1.7.0/stm32cubeide/plugins/com.st.stm32cube.ide.mcu.externaltools.gnu-tools-for-stm32.9-2020-q2-update.win32_2.0.0.202105311346/tools/bin/../lib/gcc/arm-none-eabi/9.3.1/../../../../arm-none-eabi/lib/thumb/v7e-m+fp/hard\libnosys.a
END GROUP
START GROUP
LOAD c:/st/stm32cubeide_1.7.0/stm32cubeide/plugins/com.st.stm32cube.ide.mcu.externaltools.gnu-tools-for-stm32.9-2020-q2-update.win32_2.0.0.202105311346/tools/bin/../lib/gcc/arm-none-eabi/9.3.1/thumb/v7e-m+fp/hard\libgcc.a
LOAD c:/st/stm32cubeide_1.7.0/stm32cubeide/plugins/com.st.stm32cube.ide.mcu.externaltools.gnu-tools-for-stm32.9-2020-q2-update.win32_2.0.0.202105311346/tools/bin/../lib/gcc/arm-none-eabi/9.3.1/../../../../arm-none-eabi/lib/thumb/v7e-m+fp/hard\libc_nano.a
LOAD c:/st/stm32cubeide_1.7.0/stm32cubeide/plugins/com.st.stm32cube.ide.mcu.externaltools.gnu-tools-for-stm32.9-2020-q2-update.win32_2.0.0.202105311346/tools/bin/../lib/gcc/arm-none-eabi/9.3.1/../../../../arm-none-eabi/lib/thumb/v7e-m+fp/hard\libnosys.a
END GROUP
LOAD c:/st/stm32cubeide_1.7.0/stm32cubeide/plugins/com.st.stm32cube.ide.mcu.externaltools.gnu-tools-for-stm32.9-2020-q2-update.win32_2.0.0.202105311346/tools/bin/../lib/gcc/arm-none-eabi/9.3.1/thumb/v7e-m+fp/hard/crtend.o
LOAD c:/st/stm32cubeide_1.7.0/stm32cubeide/plugins/com.st.stm32cube.ide.mcu.externaltools.gnu-tools-for-stm32.9-2020-q2-update.win32_2.0.0.202105311346/tools/bin/../lib/gcc/arm-none-eabi/9.3.1/thumb/v7e-m+fp/hard/crtn.o
                0x0000000020003000                _estack = (ORIGIN (RAM) + LENGTH (RAM))
                0x0000000000000200                _Min_Heap_Size = 0x200
                0x0000000000000400                _Min_Stack_Size = 0x400

.isr_vector     0x0000000008000000      0x188
                0x0000000008000000                . = ALIGN (0x4)
 *(.isr_vector)
 .isr_vector    0x0000000008000000      0x188 ./Core/Startup/startup_stm32f303k8tx.o
                0x0000000008000000                g_pfnVectors
                0x0000000008000188                . = ALIGN (0x4)

.text           0x0000000008000188     0x576c
                0x0000000008000188                . = ALIGN (0x4)
 *(.text)
 .text          0x0000000008000188       0x40 c:/st/stm32cubeide_1.7.0/stm32cubeide/plugins/com.st.stm32cube.ide.mcu.externaltools.gnu-tools-for-stm32.9-2020-q2-update.win32_2.0.0.202105311346/tools/bin/../lib/gcc/arm-none-eabi/9.3.1/thumb/v7e-m+fp/hard/crtbegin.o
 *(.text*)
 .text._ZN3ADCC2EP19__ADC_HandleTypeDeff
                0x00000000080001c8       0xf4 ./Core/Src/ADC.o
                0x00000000080001c8                ADC::ADC(__ADC_HandleTypeDef*, float)
                0x00000000080001c8                ADC::ADC(__ADC_HandleTypeDef*, float)
 .text._ZN3ADC15ADC_calibrationEv
                0x00000000080002bc       0xb0 ./Core/Src/ADC.o
                0x00000000080002bc                ADC::ADC_calibration()
 .text._ZN3PID9PID_set_pEf
                0x000000000800036c       0x1e ./Core/Src/CAN.o
                0x000000000800036c                PID::PID_set_p(float)
 .text._ZN15STM_MotorSystem12set_velocityEf
                0x000000000800038a       0x1e ./Core/Src/CAN.o
                0x000000000800038a                STM_MotorSystem::set_velocity(float)
 .text.HAL_CAN_RxFifo0MsgPendingCallback
                0x00000000080003a8      0x214 ./Core/Src/CAN.o
                0x00000000080003a8                HAL_CAN_RxFifo0MsgPendingCallback
 .text._ZN3PIDC2Effff
                0x00000000080005bc       0x56 ./Core/Src/STM_MotorSystem_init.o
                0x00000000080005bc                PID::PID(float, float, float, float)
                0x00000000080005bc                PID::PID(float, float, float, float)
 *fill*         0x0000000008000612        0x2 
 .text._ZN15STM_MotorSystemC2EP19__ADC_HandleTypeDefP19__CAN_HandleTypeDefP17TIM_HandleTypeDefS5_m
                0x0000000008000614       0x94 ./Core/Src/STM_MotorSystem_init.o
                0x0000000008000614                STM_MotorSystem::STM_MotorSystem(__ADC_HandleTypeDef*, __CAN_HandleTypeDef*, TIM_HandleTypeDef*, TIM_HandleTypeDef*, unsigned long)
                0x0000000008000614                STM_MotorSystem::STM_MotorSystem(__ADC_HandleTypeDef*, __CAN_HandleTypeDef*, TIM_HandleTypeDef*, TIM_HandleTypeDef*, unsigned long)
 .text._ZN3ADC9ADC_startEv
                0x00000000080006a8       0x1c ./Core/Src/main.o
                0x00000000080006a8                ADC::ADC_start()
 .text.main     0x00000000080006c4       0x68 ./Core/Src/main.o
                0x00000000080006c4                main
 .text._Z18SystemClock_Configv
                0x000000000800072c       0xda ./Core/Src/main.o
                0x000000000800072c                SystemClock_Config()
 *fill*         0x0000000008000806        0x2 
 .text._ZL12MX_ADC2_Initv
                0x0000000008000808       0xd0 ./Core/Src/main.o
 .text._ZL11MX_CAN_Initv
                0x00000000080008d8       0x78 ./Core/Src/main.o
 .text._ZL12MX_TIM1_Initv
                0x0000000008000950       0xc4 ./Core/Src/main.o
 .text._ZL12MX_TIM2_Initv
                0x0000000008000a14       0xbc ./Core/Src/main.o
 .text._ZL12MX_TIM3_Initv
                0x0000000008000ad0      0x130 ./Core/Src/main.o
 .text._ZL13MX_TIM15_Initv
                0x0000000008000c00       0xc0 ./Core/Src/main.o
 .text._ZL19MX_USART1_UART_Initv
                0x0000000008000cc0       0x68 ./Core/Src/main.o
 .text._ZL12MX_GPIO_Initv
                0x0000000008000d28       0xf4 ./Core/Src/main.o
 .text.Error_Handler
                0x0000000008000e1c        0xa ./Core/Src/main.o
                0x0000000008000e1c                Error_Handler
 *fill*         0x0000000008000e26        0x2 
 .text.HAL_MspInit
                0x0000000008000e28       0x48 ./Core/Src/stm32f3xx_hal_msp.o
                0x0000000008000e28                HAL_MspInit
 .text.HAL_ADC_MspInit
                0x0000000008000e70       0x7c ./Core/Src/stm32f3xx_hal_msp.o
                0x0000000008000e70                HAL_ADC_MspInit
 .text.HAL_CAN_MspInit
                0x0000000008000eec       0xa8 ./Core/Src/stm32f3xx_hal_msp.o
                0x0000000008000eec                HAL_CAN_MspInit
 .text.HAL_TIM_Base_MspInit
                0x0000000008000f94       0x90 ./Core/Src/stm32f3xx_hal_msp.o
                0x0000000008000f94                HAL_TIM_Base_MspInit
 .text.HAL_TIM_Encoder_MspInit
                0x0000000008001024       0x80 ./Core/Src/stm32f3xx_hal_msp.o
                0x0000000008001024                HAL_TIM_Encoder_MspInit
 .text.HAL_TIM_MspPostInit
                0x00000000080010a4       0x70 ./Core/Src/stm32f3xx_hal_msp.o
                0x00000000080010a4                HAL_TIM_MspPostInit
 .text.HAL_UART_MspInit
                0x0000000008001114       0x88 ./Core/Src/stm32f3xx_hal_msp.o
                0x0000000008001114                HAL_UART_MspInit
 .text.NMI_Handler
                0x000000000800119c        0x6 ./Core/Src/stm32f3xx_it.o
                0x000000000800119c                NMI_Handler
 .text.HardFault_Handler
                0x00000000080011a2        0x6 ./Core/Src/stm32f3xx_it.o
                0x00000000080011a2                HardFault_Handler
 .text.MemManage_Handler
                0x00000000080011a8        0x6 ./Core/Src/stm32f3xx_it.o
                0x00000000080011a8                MemManage_Handler
 .text.BusFault_Handler
                0x00000000080011ae        0x6 ./Core/Src/stm32f3xx_it.o
                0x00000000080011ae                BusFault_Handler
 .text.UsageFault_Handler
                0x00000000080011b4        0x6 ./Core/Src/stm32f3xx_it.o
                0x00000000080011b4                UsageFault_Handler
 .text.SVC_Handler
                0x00000000080011ba        0xe ./Core/Src/stm32f3xx_it.o
                0x00000000080011ba                SVC_Handler
 .text.DebugMon_Handler
                0x00000000080011c8        0xe ./Core/Src/stm32f3xx_it.o
                0x00000000080011c8                DebugMon_Handler
 .text.PendSV_Handler
                0x00000000080011d6        0xe ./Core/Src/stm32f3xx_it.o
                0x00000000080011d6                PendSV_Handler
 .text.SysTick_Handler
                0x00000000080011e4        0xc ./Core/Src/stm32f3xx_it.o
                0x00000000080011e4                SysTick_Handler
 .text.CAN_RX0_IRQHandler
                0x00000000080011f0       0x14 ./Core/Src/stm32f3xx_it.o
                0x00000000080011f0                CAN_RX0_IRQHandler
 .text.CAN_RX1_IRQHandler
                0x0000000008001204       0x14 ./Core/Src/stm32f3xx_it.o
                0x0000000008001204                CAN_RX1_IRQHandler
 .text.SystemInit
                0x0000000008001218       0x24 ./Core/Src/system_stm32f3xx.o
                0x0000000008001218                SystemInit
 .text.Reset_Handler
                0x000000000800123c       0x50 ./Core/Startup/startup_stm32f303k8tx.o
                0x000000000800123c                Reset_Handler
 .text.Default_Handler
                0x000000000800128c        0x2 ./Core/Startup/startup_stm32f303k8tx.o
                0x000000000800128c                RTC_Alarm_IRQHandler
                0x000000000800128c                TIM1_CC_IRQHandler
                0x000000000800128c                PVD_IRQHandler
                0x000000000800128c                TAMP_STAMP_IRQHandler
                0x000000000800128c                EXTI3_IRQHandler
                0x000000000800128c                EXTI0_IRQHandler
                0x000000000800128c                FPU_IRQHandler
                0x000000000800128c                CAN_TX_IRQHandler
                0x000000000800128c                TIM1_UP_TIM16_IRQHandler
                0x000000000800128c                ADC1_2_IRQHandler
                0x000000000800128c                SPI1_IRQHandler
                0x000000000800128c                CAN_SCE_IRQHandler
                0x000000000800128c                DMA1_Channel4_IRQHandler
                0x000000000800128c                USART3_IRQHandler
                0x000000000800128c                DMA1_Channel7_IRQHandler
                0x000000000800128c                TIM7_DAC2_IRQHandler
                0x000000000800128c                I2C1_EV_IRQHandler
                0x000000000800128c                DMA1_Channel6_IRQHandler
                0x000000000800128c                TIM3_IRQHandler
                0x000000000800128c                RCC_IRQHandler
                0x000000000800128c                DMA1_Channel1_IRQHandler
                0x000000000800128c                Default_Handler
                0x000000000800128c                EXTI15_10_IRQHandler
                0x000000000800128c                COMP2_IRQHandler
                0x000000000800128c                TIM6_DAC1_IRQHandler
                0x000000000800128c                EXTI9_5_IRQHandler
                0x000000000800128c                RTC_WKUP_IRQHandler
                0x000000000800128c                DMA1_Channel5_IRQHandler
                0x000000000800128c                EXTI4_IRQHandler
                0x000000000800128c                TIM1_TRG_COM_TIM17_IRQHandler
                0x000000000800128c                DMA1_Channel3_IRQHandler
                0x000000000800128c                WWDG_IRQHandler
                0x000000000800128c                TIM2_IRQHandler
                0x000000000800128c                EXTI1_IRQHandler
                0x000000000800128c                COMP4_6_IRQHandler
                0x000000000800128c                USART2_IRQHandler
                0x000000000800128c                DMA1_Channel2_IRQHandler
                0x000000000800128c                FLASH_IRQHandler
                0x000000000800128c                USART1_IRQHandler
                0x000000000800128c                I2C1_ER_IRQHandler
                0x000000000800128c                EXTI2_TSC_IRQHandler
                0x000000000800128c                TIM1_BRK_TIM15_IRQHandler
 *fill*         0x000000000800128e        0x2 
 .text.HAL_Init
                0x0000000008001290       0x2c ./Drivers/STM32F3xx_HAL_Driver/Src/stm32f3xx_hal.o
                0x0000000008001290                HAL_Init
 .text.HAL_InitTick
                0x00000000080012bc       0x60 ./Drivers/STM32F3xx_HAL_Driver/Src/stm32f3xx_hal.o
                0x00000000080012bc                HAL_InitTick
 .text.HAL_IncTick
                0x000000000800131c       0x28 ./Drivers/STM32F3xx_HAL_Driver/Src/stm32f3xx_hal.o
                0x000000000800131c                HAL_IncTick
 .text.HAL_GetTick
                0x0000000008001344       0x18 ./Drivers/STM32F3xx_HAL_Driver/Src/stm32f3xx_hal.o
                0x0000000008001344                HAL_GetTick
 .text.HAL_ADC_Init
                0x000000000800135c      0x324 ./Drivers/STM32F3xx_HAL_Driver/Src/stm32f3xx_hal_adc_ex.o
                0x000000000800135c                HAL_ADC_Init
 .text.HAL_ADC_Start
                0x0000000008001680      0x16c ./Drivers/STM32F3xx_HAL_Driver/Src/stm32f3xx_hal_adc_ex.o
                0x0000000008001680                HAL_ADC_Start
 .text.HAL_ADC_Stop
                0x00000000080017ec       0x6a ./Drivers/STM32F3xx_HAL_Driver/Src/stm32f3xx_hal_adc_ex.o
                0x00000000080017ec                HAL_ADC_Stop
 *fill*         0x0000000008001856        0x2 
 .text.HAL_ADC_ConfigChannel
                0x0000000008001858      0x584 ./Drivers/STM32F3xx_HAL_Driver/Src/stm32f3xx_hal_adc_ex.o
                0x0000000008001858                HAL_ADC_ConfigChannel
 .text.ADC_Enable
                0x0000000008001ddc       0xc8 ./Drivers/STM32F3xx_HAL_Driver/Src/stm32f3xx_hal_adc_ex.o
 .text.ADC_Disable
                0x0000000008001ea4       0xcc ./Drivers/STM32F3xx_HAL_Driver/Src/stm32f3xx_hal_adc_ex.o
 .text.ADC_ConversionStop
                0x0000000008001f70      0x16c ./Drivers/STM32F3xx_HAL_Driver/Src/stm32f3xx_hal_adc_ex.o
 .text.HAL_CAN_Init
                0x00000000080020dc      0x1f6 ./Drivers/STM32F3xx_HAL_Driver/Src/stm32f3xx_hal_can.o
                0x00000000080020dc                HAL_CAN_Init
 .text.HAL_CAN_GetRxMessage
                0x00000000080022d2      0x224 ./Drivers/STM32F3xx_HAL_Driver/Src/stm32f3xx_hal_can.o
                0x00000000080022d2                HAL_CAN_GetRxMessage
 .text.HAL_CAN_IRQHandler
                0x00000000080024f6      0x36e ./Drivers/STM32F3xx_HAL_Driver/Src/stm32f3xx_hal_can.o
                0x00000000080024f6                HAL_CAN_IRQHandler
 .text.HAL_CAN_TxMailbox0CompleteCallback
                0x0000000008002864       0x14 ./Drivers/STM32F3xx_HAL_Driver/Src/stm32f3xx_hal_can.o
                0x0000000008002864                HAL_CAN_TxMailbox0CompleteCallback
 .text.HAL_CAN_TxMailbox1CompleteCallback
                0x0000000008002878       0x14 ./Drivers/STM32F3xx_HAL_Driver/Src/stm32f3xx_hal_can.o
                0x0000000008002878                HAL_CAN_TxMailbox1CompleteCallback
 .text.HAL_CAN_TxMailbox2CompleteCallback
                0x000000000800288c       0x14 ./Drivers/STM32F3xx_HAL_Driver/Src/stm32f3xx_hal_can.o
                0x000000000800288c                HAL_CAN_TxMailbox2CompleteCallback
 .text.HAL_CAN_TxMailbox0AbortCallback
                0x00000000080028a0       0x14 ./Drivers/STM32F3xx_HAL_Driver/Src/stm32f3xx_hal_can.o
                0x00000000080028a0                HAL_CAN_TxMailbox0AbortCallback
 .text.HAL_CAN_TxMailbox1AbortCallback
                0x00000000080028b4       0x14 ./Drivers/STM32F3xx_HAL_Driver/Src/stm32f3xx_hal_can.o
                0x00000000080028b4                HAL_CAN_TxMailbox1AbortCallback
 .text.HAL_CAN_TxMailbox2AbortCallback
                0x00000000080028c8       0x14 ./Drivers/STM32F3xx_HAL_Driver/Src/stm32f3xx_hal_can.o
                0x00000000080028c8                HAL_CAN_TxMailbox2AbortCallback
 .text.HAL_CAN_RxFifo0FullCallback
                0x00000000080028dc       0x14 ./Drivers/STM32F3xx_HAL_Driver/Src/stm32f3xx_hal_can.o
                0x00000000080028dc                HAL_CAN_RxFifo0FullCallback
 .text.HAL_CAN_RxFifo1MsgPendingCallback
                0x00000000080028f0       0x14 ./Drivers/STM32F3xx_HAL_Driver/Src/stm32f3xx_hal_can.o
                0x00000000080028f0                HAL_CAN_RxFifo1MsgPendingCallback
 .text.HAL_CAN_RxFifo1FullCallback
                0x0000000008002904       0x14 ./Drivers/STM32F3xx_HAL_Driver/Src/stm32f3xx_hal_can.o
                0x0000000008002904                HAL_CAN_RxFifo1FullCallback
 .text.HAL_CAN_SleepCallback
                0x0000000008002918       0x14 ./Drivers/STM32F3xx_HAL_Driver/Src/stm32f3xx_hal_can.o
                0x0000000008002918                HAL_CAN_SleepCallback
 .text.HAL_CAN_WakeUpFromRxMsgCallback
                0x000000000800292c       0x14 ./Drivers/STM32F3xx_HAL_Driver/Src/stm32f3xx_hal_can.o
                0x000000000800292c                HAL_CAN_WakeUpFromRxMsgCallback
 .text.HAL_CAN_ErrorCallback
                0x0000000008002940       0x14 ./Drivers/STM32F3xx_HAL_Driver/Src/stm32f3xx_hal_can.o
                0x0000000008002940                HAL_CAN_ErrorCallback
 .text.__NVIC_SetPriorityGrouping
                0x0000000008002954       0x48 ./Drivers/STM32F3xx_HAL_Driver/Src/stm32f3xx_hal_cortex.o
 .text.__NVIC_GetPriorityGrouping
                0x000000000800299c       0x1c ./Drivers/STM32F3xx_HAL_Driver/Src/stm32f3xx_hal_cortex.o
 .text.__NVIC_EnableIRQ
                0x00000000080029b8       0x3c ./Drivers/STM32F3xx_HAL_Driver/Src/stm32f3xx_hal_cortex.o
 .text.__NVIC_SetPriority
                0x00000000080029f4       0x54 ./Drivers/STM32F3xx_HAL_Driver/Src/stm32f3xx_hal_cortex.o
 .text.NVIC_EncodePriority
                0x0000000008002a48       0x66 ./Drivers/STM32F3xx_HAL_Driver/Src/stm32f3xx_hal_cortex.o
 *fill*         0x0000000008002aae        0x2 
 .text.SysTick_Config
                0x0000000008002ab0       0x44 ./Drivers/STM32F3xx_HAL_Driver/Src/stm32f3xx_hal_cortex.o
 .text.HAL_NVIC_SetPriorityGrouping
                0x0000000008002af4       0x16 ./Drivers/STM32F3xx_HAL_Driver/Src/stm32f3xx_hal_cortex.o
                0x0000000008002af4                HAL_NVIC_SetPriorityGrouping
 .text.HAL_NVIC_SetPriority
                0x0000000008002b0a       0x38 ./Drivers/STM32F3xx_HAL_Driver/Src/stm32f3xx_hal_cortex.o
                0x0000000008002b0a                HAL_NVIC_SetPriority
 .text.HAL_NVIC_EnableIRQ
                0x0000000008002b42       0x1c ./Drivers/STM32F3xx_HAL_Driver/Src/stm32f3xx_hal_cortex.o
                0x0000000008002b42                HAL_NVIC_EnableIRQ
 .text.HAL_SYSTICK_Config
                0x0000000008002b5e       0x18 ./Drivers/STM32F3xx_HAL_Driver/Src/stm32f3xx_hal_cortex.o
                0x0000000008002b5e                HAL_SYSTICK_Config
 *fill*         0x0000000008002b76        0x2 
 .text.HAL_GPIO_Init
                0x0000000008002b78      0x2e4 ./Drivers/STM32F3xx_HAL_Driver/Src/stm32f3xx_hal_gpio.o
                0x0000000008002b78                HAL_GPIO_Init
 .text.HAL_GPIO_WritePin
                0x0000000008002e5c       0x30 ./Drivers/STM32F3xx_HAL_Driver/Src/stm32f3xx_hal_gpio.o
                0x0000000008002e5c                HAL_GPIO_WritePin
 .text.HAL_RCC_OscConfig
                0x0000000008002e8c      0xe10 ./Drivers/STM32F3xx_HAL_Driver/Src/stm32f3xx_hal_rcc.o
                0x0000000008002e8c                HAL_RCC_OscConfig
 .text.HAL_RCC_ClockConfig
                0x0000000008003c9c      0x2f8 ./Drivers/STM32F3xx_HAL_Driver/Src/stm32f3xx_hal_rcc.o
                0x0000000008003c9c                HAL_RCC_ClockConfig
 .text.HAL_RCC_GetSysClockFreq
                0x0000000008003f94       0xd8 ./Drivers/STM32F3xx_HAL_Driver/Src/stm32f3xx_hal_rcc.o
                0x0000000008003f94                HAL_RCC_GetSysClockFreq
 .text.HAL_RCC_GetHCLKFreq
                0x000000000800406c       0x18 ./Drivers/STM32F3xx_HAL_Driver/Src/stm32f3xx_hal_rcc.o
                0x000000000800406c                HAL_RCC_GetHCLKFreq
 .text.HAL_RCC_GetPCLK1Freq
                0x0000000008004084       0x44 ./Drivers/STM32F3xx_HAL_Driver/Src/stm32f3xx_hal_rcc.o
                0x0000000008004084                HAL_RCC_GetPCLK1Freq
 .text.HAL_RCC_GetPCLK2Freq
                0x00000000080040c8       0x44 ./Drivers/STM32F3xx_HAL_Driver/Src/stm32f3xx_hal_rcc.o
                0x00000000080040c8                HAL_RCC_GetPCLK2Freq
 .text.HAL_RCCEx_PeriphCLKConfig
                0x000000000800410c      0x24c ./Drivers/STM32F3xx_HAL_Driver/Src/stm32f3xx_hal_rcc_ex.o
                0x000000000800410c                HAL_RCCEx_PeriphCLKConfig
 .text.HAL_TIM_Base_Init
                0x0000000008004358       0xae ./Drivers/STM32F3xx_HAL_Driver/Src/stm32f3xx_hal_tim.o
                0x0000000008004358                HAL_TIM_Base_Init
 .text.HAL_TIM_PWM_Init
                0x0000000008004406       0xae ./Drivers/STM32F3xx_HAL_Driver/Src/stm32f3xx_hal_tim.o
                0x0000000008004406                HAL_TIM_PWM_Init
 .text.HAL_TIM_PWM_MspInit
                0x00000000080044b4       0x14 ./Drivers/STM32F3xx_HAL_Driver/Src/stm32f3xx_hal_tim.o
                0x00000000080044b4                HAL_TIM_PWM_MspInit
 .text.HAL_TIM_Encoder_Init
                0x00000000080044c8      0x14c ./Drivers/STM32F3xx_HAL_Driver/Src/stm32f3xx_hal_tim.o
                0x00000000080044c8                HAL_TIM_Encoder_Init
 .text.HAL_TIM_PWM_ConfigChannel
                0x0000000008004614      0x228 ./Drivers/STM32F3xx_HAL_Driver/Src/stm32f3xx_hal_tim.o
                0x0000000008004614                HAL_TIM_PWM_ConfigChannel
 .text.HAL_TIM_ConfigClockSource
                0x000000000800483c      0x192 ./Drivers/STM32F3xx_HAL_Driver/Src/stm32f3xx_hal_tim.o
                0x000000000800483c                HAL_TIM_ConfigClockSource
 *fill*         0x00000000080049ce        0x2 
 .text.TIM_Base_SetConfig
                0x00000000080049d0       0xf0 ./Drivers/STM32F3xx_HAL_Driver/Src/stm32f3xx_hal_tim.o
                0x00000000080049d0                TIM_Base_SetConfig
 .text.TIM_OC1_SetConfig
                0x0000000008004ac0      0x10c ./Drivers/STM32F3xx_HAL_Driver/Src/stm32f3xx_hal_tim.o
 .text.TIM_OC2_SetConfig
                0x0000000008004bcc      0x100 ./Drivers/STM32F3xx_HAL_Driver/Src/stm32f3xx_hal_tim.o
                0x0000000008004bcc                TIM_OC2_SetConfig
 .text.TIM_OC3_SetConfig
                0x0000000008004ccc       0xfc ./Drivers/STM32F3xx_HAL_Driver/Src/stm32f3xx_hal_tim.o
 .text.TIM_OC4_SetConfig
                0x0000000008004dc8       0xc8 ./Drivers/STM32F3xx_HAL_Driver/Src/stm32f3xx_hal_tim.o
 .text.TIM_OC5_SetConfig
                0x0000000008004e90       0xbc ./Drivers/STM32F3xx_HAL_Driver/Src/stm32f3xx_hal_tim.o
 .text.TIM_OC6_SetConfig
                0x0000000008004f4c       0xc0 ./Drivers/STM32F3xx_HAL_Driver/Src/stm32f3xx_hal_tim.o
 .text.TIM_TI1_ConfigInputStage
                0x000000000800500c       0x5e ./Drivers/STM32F3xx_HAL_Driver/Src/stm32f3xx_hal_tim.o
 .text.TIM_TI2_ConfigInputStage
                0x000000000800506a       0x60 ./Drivers/STM32F3xx_HAL_Driver/Src/stm32f3xx_hal_tim.o
 .text.TIM_ITRx_SetConfig
                0x00000000080050ca       0x36 ./Drivers/STM32F3xx_HAL_Driver/Src/stm32f3xx_hal_tim.o
 .text.TIM_ETR_SetConfig
                0x0000000008005100       0x40 ./Drivers/STM32F3xx_HAL_Driver/Src/stm32f3xx_hal_tim.o
                0x0000000008005100                TIM_ETR_SetConfig
 .text.HAL_TIMEx_MasterConfigSynchronization
                0x0000000008005140       0xdc ./Drivers/STM32F3xx_HAL_Driver/Src/stm32f3xx_hal_tim_ex.o
                0x0000000008005140                HAL_TIMEx_MasterConfigSynchronization
 .text.HAL_UART_Init
                0x000000000800521c       0x9c ./Drivers/STM32F3xx_HAL_Driver/Src/stm32f3xx_hal_uart.o
                0x000000000800521c                HAL_UART_Init
 .text.UART_SetConfig
                0x00000000080052b8      0x26c ./Drivers/STM32F3xx_HAL_Driver/Src/stm32f3xx_hal_uart.o
                0x00000000080052b8                UART_SetConfig
 .text.UART_AdvFeatureConfig
                0x0000000008005524      0x144 ./Drivers/STM32F3xx_HAL_Driver/Src/stm32f3xx_hal_uart.o
                0x0000000008005524                UART_AdvFeatureConfig
 .text.UART_CheckIdleState
                0x0000000008005668       0x92 ./Drivers/STM32F3xx_HAL_Driver/Src/stm32f3xx_hal_uart.o
                0x0000000008005668                UART_CheckIdleState
 .text.UART_WaitOnFlagUntilTimeout
                0x00000000080056fa      0x188 ./Drivers/STM32F3xx_HAL_Driver/Src/stm32f3xx_hal_uart.o
                0x00000000080056fa                UART_WaitOnFlagUntilTimeout
 *fill*         0x0000000008005882        0x2 
 .text.__libc_init_array
                0x0000000008005884       0x48 c:/st/stm32cubeide_1.7.0/stm32cubeide/plugins/com.st.stm32cube.ide.mcu.externaltools.gnu-tools-for-stm32.9-2020-q2-update.win32_2.0.0.202105311346/tools/bin/../lib/gcc/arm-none-eabi/9.3.1/../../../../arm-none-eabi/lib/thumb/v7e-m+fp/hard\libc_nano.a(lib_a-init.o)
                0x0000000008005884                __libc_init_array
 .text.memset   0x00000000080058cc       0x10 c:/st/stm32cubeide_1.7.0/stm32cubeide/plugins/com.st.stm32cube.ide.mcu.externaltools.gnu-tools-for-stm32.9-2020-q2-update.win32_2.0.0.202105311346/tools/bin/../lib/gcc/arm-none-eabi/9.3.1/../../../../arm-none-eabi/lib/thumb/v7e-m+fp/hard\libc_nano.a(lib_a-memset.o)
                0x00000000080058cc                memset
 *(.glue_7)
 .glue_7        0x00000000080058dc        0x0 linker stubs
 *(.glue_7t)
 .glue_7t       0x00000000080058dc        0x0 linker stubs
 *(.eh_frame)
 .eh_frame      0x00000000080058dc        0x0 c:/st/stm32cubeide_1.7.0/stm32cubeide/plugins/com.st.stm32cube.ide.mcu.externaltools.gnu-tools-for-stm32.9-2020-q2-update.win32_2.0.0.202105311346/tools/bin/../lib/gcc/arm-none-eabi/9.3.1/thumb/v7e-m+fp/hard/crtbegin.o
 *(.init)
 .init          0x00000000080058dc        0x4 c:/st/stm32cubeide_1.7.0/stm32cubeide/plugins/com.st.stm32cube.ide.mcu.externaltools.gnu-tools-for-stm32.9-2020-q2-update.win32_2.0.0.202105311346/tools/bin/../lib/gcc/arm-none-eabi/9.3.1/thumb/v7e-m+fp/hard/crti.o
                0x00000000080058dc                _init
 .init          0x00000000080058e0        0x8 c:/st/stm32cubeide_1.7.0/stm32cubeide/plugins/com.st.stm32cube.ide.mcu.externaltools.gnu-tools-for-stm32.9-2020-q2-update.win32_2.0.0.202105311346/tools/bin/../lib/gcc/arm-none-eabi/9.3.1/thumb/v7e-m+fp/hard/crtn.o
 *(.fini)
 .fini          0x00000000080058e8        0x4 c:/st/stm32cubeide_1.7.0/stm32cubeide/plugins/com.st.stm32cube.ide.mcu.externaltools.gnu-tools-for-stm32.9-2020-q2-update.win32_2.0.0.202105311346/tools/bin/../lib/gcc/arm-none-eabi/9.3.1/thumb/v7e-m+fp/hard/crti.o
                0x00000000080058e8                _fini
 .fini          0x00000000080058ec        0x8 c:/st/stm32cubeide_1.7.0/stm32cubeide/plugins/com.st.stm32cube.ide.mcu.externaltools.gnu-tools-for-stm32.9-2020-q2-update.win32_2.0.0.202105311346/tools/bin/../lib/gcc/arm-none-eabi/9.3.1/thumb/v7e-m+fp/hard/crtn.o
                0x00000000080058f4                . = ALIGN (0x4)
                0x00000000080058f4                _etext = .

.vfp11_veneer   0x00000000080058f4        0x0
 .vfp11_veneer  0x00000000080058f4        0x0 linker stubs

.v4_bx          0x00000000080058f4        0x0
 .v4_bx         0x00000000080058f4        0x0 linker stubs

.iplt           0x00000000080058f4        0x0
 .iplt          0x00000000080058f4        0x0 c:/st/stm32cubeide_1.7.0/stm32cubeide/plugins/com.st.stm32cube.ide.mcu.externaltools.gnu-tools-for-stm32.9-2020-q2-update.win32_2.0.0.202105311346/tools/bin/../lib/gcc/arm-none-eabi/9.3.1/thumb/v7e-m+fp/hard/crtbegin.o

.rodata         0x00000000080058f4       0x38
                0x00000000080058f4                . = ALIGN (0x4)
 *(.rodata)
 *(.rodata*)
 .rodata.AHBPrescTable
                0x00000000080058f4       0x10 ./Core/Src/system_stm32f3xx.o
                0x00000000080058f4                AHBPrescTable
 .rodata.APBPrescTable
                0x0000000008005904        0x8 ./Core/Src/system_stm32f3xx.o
                0x0000000008005904                APBPrescTable
 .rodata.aPLLMULFactorTable
                0x000000000800590c       0x10 ./Drivers/STM32F3xx_HAL_Driver/Src/stm32f3xx_hal_rcc.o
                0x000000000800590c                aPLLMULFactorTable
 .rodata.aPredivFactorTable
                0x000000000800591c       0x10 ./Drivers/STM32F3xx_HAL_Driver/Src/stm32f3xx_hal_rcc.o
                0x000000000800591c                aPredivFactorTable
                0x000000000800592c                . = ALIGN (0x4)

.rel.dyn        0x000000000800592c        0x0
 .rel.iplt      0x000000000800592c        0x0 c:/st/stm32cubeide_1.7.0/stm32cubeide/plugins/com.st.stm32cube.ide.mcu.externaltools.gnu-tools-for-stm32.9-2020-q2-update.win32_2.0.0.202105311346/tools/bin/../lib/gcc/arm-none-eabi/9.3.1/thumb/v7e-m+fp/hard/crtbegin.o

.ARM.extab      0x000000000800592c        0x0
                0x000000000800592c                . = ALIGN (0x4)
 *(.ARM.extab* .gnu.linkonce.armextab.*)
                0x000000000800592c                . = ALIGN (0x4)

.ARM            0x000000000800592c        0x0
                0x000000000800592c                . = ALIGN (0x4)
                0x000000000800592c                __exidx_start = .
 *(.ARM.exidx*)
                0x000000000800592c                __exidx_end = .
                0x000000000800592c                . = ALIGN (0x4)

.preinit_array  0x000000000800592c        0x0
                0x000000000800592c                . = ALIGN (0x4)
                0x000000000800592c                PROVIDE (__preinit_array_start = .)
 *(.preinit_array*)
                0x000000000800592c                PROVIDE (__preinit_array_end = .)
                0x000000000800592c                . = ALIGN (0x4)

.init_array     0x000000000800592c        0x4
                0x000000000800592c                . = ALIGN (0x4)
                0x000000000800592c                PROVIDE (__init_array_start = .)
 *(SORT_BY_NAME(.init_array.*))
 *(.init_array*)
 .init_array    0x000000000800592c        0x4 c:/st/stm32cubeide_1.7.0/stm32cubeide/plugins/com.st.stm32cube.ide.mcu.externaltools.gnu-tools-for-stm32.9-2020-q2-update.win32_2.0.0.202105311346/tools/bin/../lib/gcc/arm-none-eabi/9.3.1/thumb/v7e-m+fp/hard/crtbegin.o
                0x0000000008005930                PROVIDE (__init_array_end = .)
                0x0000000008005930                . = ALIGN (0x4)

.fini_array     0x0000000008005930        0x4
                0x0000000008005930                . = ALIGN (0x4)
                [!provide]                        PROVIDE (__fini_array_start = .)
 *(SORT_BY_NAME(.fini_array.*))
 *(.fini_array*)
 .fini_array    0x0000000008005930        0x4 c:/st/stm32cubeide_1.7.0/stm32cubeide/plugins/com.st.stm32cube.ide.mcu.externaltools.gnu-tools-for-stm32.9-2020-q2-update.win32_2.0.0.202105311346/tools/bin/../lib/gcc/arm-none-eabi/9.3.1/thumb/v7e-m+fp/hard/crtbegin.o
                [!provide]                        PROVIDE (__fini_array_end = .)
                0x0000000008005934                . = ALIGN (0x4)
                0x0000000008005934                _sidata = LOADADDR (.data)

.data           0x0000000020000000        0xc load address 0x0000000008005934
                0x0000000020000000                . = ALIGN (0x4)
                0x0000000020000000                _sdata = .
 *(.data)
 *(.data*)
 .data.SystemCoreClock
                0x0000000020000000        0x4 ./Core/Src/system_stm32f3xx.o
                0x0000000020000000                SystemCoreClock
 .data.uwTickPrio
                0x0000000020000004        0x4 ./Drivers/STM32F3xx_HAL_Driver/Src/stm32f3xx_hal.o
                0x0000000020000004                uwTickPrio
 .data.uwTickFreq
                0x0000000020000008        0x1 ./Drivers/STM32F3xx_HAL_Driver/Src/stm32f3xx_hal.o
                0x0000000020000008                uwTickFreq
 *(.RamFunc)
 *(.RamFunc*)
                0x000000002000000c                . = ALIGN (0x4)
 *fill*         0x0000000020000009        0x3 
                0x000000002000000c                _edata = .
                0x0000000008005940                _siccmram = LOADADDR (.ccmram)

.igot.plt       0x000000002000000c        0x0 load address 0x0000000008005940
 .igot.plt      0x000000002000000c        0x0 c:/st/stm32cubeide_1.7.0/stm32cubeide/plugins/com.st.stm32cube.ide.mcu.externaltools.gnu-tools-for-stm32.9-2020-q2-update.win32_2.0.0.202105311346/tools/bin/../lib/gcc/arm-none-eabi/9.3.1/thumb/v7e-m+fp/hard/crtbegin.o

.ccmram         0x0000000010000000        0x0 load address 0x0000000008005940
                0x0000000010000000                . = ALIGN (0x4)
                0x0000000010000000                _sccmram = .
 *(.ccmram)
 *(.ccmram*)
                0x0000000010000000                . = ALIGN (0x4)
                0x0000000010000000                _eccmram = .
                0x0000000010000000                . = ALIGN (0x4)

.bss            0x000000002000000c      0x250
                0x000000002000000c                _sbss = .
                0x000000002000000c                __bss_start__ = _sbss
 *(.bss)
 .bss           0x000000002000000c       0x1c c:/st/stm32cubeide_1.7.0/stm32cubeide/plugins/com.st.stm32cube.ide.mcu.externaltools.gnu-tools-for-stm32.9-2020-q2-update.win32_2.0.0.202105311346/tools/bin/../lib/gcc/arm-none-eabi/9.3.1/thumb/v7e-m+fp/hard/crtbegin.o
 *(.bss*)
 .bss._ZN15STM_MotorSystem3_msE
                0x0000000020000028        0x4 ./Core/Src/STM_MotorSystem_init.o
                0x0000000020000028                STM_MotorSystem::_ms
 .bss.hadc2     0x000000002000002c       0x50 ./Core/Src/main.o
                0x000000002000002c                hadc2
 .bss.hcan      0x000000002000007c       0x28 ./Core/Src/main.o
                0x000000002000007c                hcan
 .bss.htim1     0x00000000200000a4       0x4c ./Core/Src/main.o
                0x00000000200000a4                htim1
 .bss.htim2     0x00000000200000f0       0x4c ./Core/Src/main.o
                0x00000000200000f0                htim2
 .bss.htim3     0x000000002000013c       0x4c ./Core/Src/main.o
                0x000000002000013c                htim3
 .bss.htim15    0x0000000020000188       0x4c ./Core/Src/main.o
                0x0000000020000188                htim15
 .bss.huart1    0x00000000200001d4       0x84 ./Core/Src/main.o
                0x00000000200001d4                huart1
 *(COMMON)
 COMMON         0x0000000020000258        0x4 ./Drivers/STM32F3xx_HAL_Driver/Src/stm32f3xx_hal.o
                0x0000000020000258                uwTick
                0x000000002000025c                . = ALIGN (0x4)
                0x000000002000025c                _ebss = .
                0x000000002000025c                __bss_end__ = _ebss

._user_heap_stack
                0x000000002000025c      0x604
                0x0000000020000260                . = ALIGN (0x8)
 *fill*         0x000000002000025c        0x4 
                [!provide]                        PROVIDE (end = .)
                0x0000000020000260                PROVIDE (_end = .)
                0x0000000020000460                . = (. + _Min_Heap_Size)
 *fill*         0x0000000020000260      0x200 
                0x0000000020000860                . = (. + _Min_Stack_Size)
 *fill*         0x0000000020000460      0x400 
                0x0000000020000860                . = ALIGN (0x8)

/DISCARD/
 libc.a(*)
 libm.a(*)
 libgcc.a(*)

.ARM.attributes
                0x0000000000000000       0x30
 *(.ARM.attributes)
 .ARM.attributes
                0x0000000000000000       0x1e c:/st/stm32cubeide_1.7.0/stm32cubeide/plugins/com.st.stm32cube.ide.mcu.externaltools.gnu-tools-for-stm32.9-2020-q2-update.win32_2.0.0.202105311346/tools/bin/../lib/gcc/arm-none-eabi/9.3.1/thumb/v7e-m+fp/hard/crti.o
 .ARM.attributes
                0x000000000000001e       0x34 c:/st/stm32cubeide_1.7.0/stm32cubeide/plugins/com.st.stm32cube.ide.mcu.externaltools.gnu-tools-for-stm32.9-2020-q2-update.win32_2.0.0.202105311346/tools/bin/../lib/gcc/arm-none-eabi/9.3.1/thumb/v7e-m+fp/hard/crtbegin.o
 .ARM.attributes
                0x0000000000000052       0x34 ./Core/Src/ADC.o
 .ARM.attributes
                0x0000000000000086       0x34 ./Core/Src/CAN.o
 .ARM.attributes
                0x00000000000000ba       0x34 ./Core/Src/STM_MotorSystem_init.o
 .ARM.attributes
                0x00000000000000ee       0x34 ./Core/Src/main.o
 .ARM.attributes
                0x0000000000000122       0x34 ./Core/Src/stm32f3xx_hal_msp.o
 .ARM.attributes
                0x0000000000000156       0x34 ./Core/Src/stm32f3xx_it.o
 .ARM.attributes
                0x000000000000018a       0x34 ./Core/Src/system_stm32f3xx.o
 .ARM.attributes
                0x00000000000001be       0x21 ./Core/Startup/startup_stm32f303k8tx.o
 .ARM.attributes
                0x00000000000001df       0x34 ./Drivers/STM32F3xx_HAL_Driver/Src/stm32f3xx_hal.o
 .ARM.attributes
                0x0000000000000213       0x34 ./Drivers/STM32F3xx_HAL_Driver/Src/stm32f3xx_hal_adc_ex.o
 .ARM.attributes
                0x0000000000000247       0x34 ./Drivers/STM32F3xx_HAL_Driver/Src/stm32f3xx_hal_can.o
 .ARM.attributes
                0x000000000000027b       0x34 ./Drivers/STM32F3xx_HAL_Driver/Src/stm32f3xx_hal_cortex.o
 .ARM.attributes
                0x00000000000002af       0x34 ./Drivers/STM32F3xx_HAL_Driver/Src/stm32f3xx_hal_gpio.o
 .ARM.attributes
                0x00000000000002e3       0x34 ./Drivers/STM32F3xx_HAL_Driver/Src/stm32f3xx_hal_rcc.o
 .ARM.attributes
                0x0000000000000317       0x34 ./Drivers/STM32F3xx_HAL_Driver/Src/stm32f3xx_hal_rcc_ex.o
 .ARM.attributes
                0x000000000000034b       0x34 ./Drivers/STM32F3xx_HAL_Driver/Src/stm32f3xx_hal_tim.o
 .ARM.attributes
                0x000000000000037f       0x34 ./Drivers/STM32F3xx_HAL_Driver/Src/stm32f3xx_hal_tim_ex.o
 .ARM.attributes
                0x00000000000003b3       0x34 ./Drivers/STM32F3xx_HAL_Driver/Src/stm32f3xx_hal_uart.o
 .ARM.attributes
                0x00000000000003e7       0x34 c:/st/stm32cubeide_1.7.0/stm32cubeide/plugins/com.st.stm32cube.ide.mcu.externaltools.gnu-tools-for-stm32.9-2020-q2-update.win32_2.0.0.202105311346/tools/bin/../lib/gcc/arm-none-eabi/9.3.1/../../../../arm-none-eabi/lib/thumb/v7e-m+fp/hard\libc_nano.a(lib_a-init.o)
 .ARM.attributes
                0x000000000000041b       0x34 c:/st/stm32cubeide_1.7.0/stm32cubeide/plugins/com.st.stm32cube.ide.mcu.externaltools.gnu-tools-for-stm32.9-2020-q2-update.win32_2.0.0.202105311346/tools/bin/../lib/gcc/arm-none-eabi/9.3.1/../../../../arm-none-eabi/lib/thumb/v7e-m+fp/hard\libc_nano.a(lib_a-memset.o)
 .ARM.attributes
                0x000000000000044f       0x1e c:/st/stm32cubeide_1.7.0/stm32cubeide/plugins/com.st.stm32cube.ide.mcu.externaltools.gnu-tools-for-stm32.9-2020-q2-update.win32_2.0.0.202105311346/tools/bin/../lib/gcc/arm-none-eabi/9.3.1/thumb/v7e-m+fp/hard/crtn.o
OUTPUT(STM_MotorSystem.elf elf32-littlearm)
LOAD linker stubs
LOAD c:/st/stm32cubeide_1.7.0/stm32cubeide/plugins/com.st.stm32cube.ide.mcu.externaltools.gnu-tools-for-stm32.9-2020-q2-update.win32_2.0.0.202105311346/tools/bin/../lib/gcc/arm-none-eabi/9.3.1/../../../../arm-none-eabi/lib/thumb/v7e-m+fp/hard\libc.a
LOAD c:/st/stm32cubeide_1.7.0/stm32cubeide/plugins/com.st.stm32cube.ide.mcu.externaltools.gnu-tools-for-stm32.9-2020-q2-update.win32_2.0.0.202105311346/tools/bin/../lib/gcc/arm-none-eabi/9.3.1/../../../../arm-none-eabi/lib/thumb/v7e-m+fp/hard\libm.a
LOAD c:/st/stm32cubeide_1.7.0/stm32cubeide/plugins/com.st.stm32cube.ide.mcu.externaltools.gnu-tools-for-stm32.9-2020-q2-update.win32_2.0.0.202105311346/tools/bin/../lib/gcc/arm-none-eabi/9.3.1/thumb/v7e-m+fp/hard\libgcc.a

.debug_info     0x0000000000000000    0x17edb
 .debug_info    0x0000000000000000      0xc1c ./Core/Src/ADC.o
 .debug_info    0x0000000000000c1c     0x27c4 ./Core/Src/CAN.o
 .debug_info    0x00000000000033e0     0x1fe6 ./Core/Src/STM_MotorSystem_init.o
 .debug_info    0x00000000000053c6     0x2a89 ./Core/Src/main.o
 .debug_info    0x0000000000007e4f     0x18ae ./Core/Src/stm32f3xx_hal_msp.o
 .debug_info    0x00000000000096fd      0x61f ./Core/Src/stm32f3xx_it.o
 .debug_info    0x0000000000009d1c      0x49a ./Core/Src/system_stm32f3xx.o
 .debug_info    0x000000000000a1b6       0x22 ./Core/Startup/startup_stm32f303k8tx.o
 .debug_info    0x000000000000a1d8      0x7b3 ./Drivers/STM32F3xx_HAL_Driver/Src/stm32f3xx_hal.o
 .debug_info    0x000000000000a98b     0x16c7 ./Drivers/STM32F3xx_HAL_Driver/Src/stm32f3xx_hal_adc_ex.o
 .debug_info    0x000000000000c052     0x107c ./Drivers/STM32F3xx_HAL_Driver/Src/stm32f3xx_hal_can.o
 .debug_info    0x000000000000d0ce      0xbdf ./Drivers/STM32F3xx_HAL_Driver/Src/stm32f3xx_hal_cortex.o
 .debug_info    0x000000000000dcad      0x83d ./Drivers/STM32F3xx_HAL_Driver/Src/stm32f3xx_hal_gpio.o
 .debug_info    0x000000000000e4ea     0x15b5 ./Drivers/STM32F3xx_HAL_Driver/Src/stm32f3xx_hal_rcc.o
 .debug_info    0x000000000000fa9f      0x60f ./Drivers/STM32F3xx_HAL_Driver/Src/stm32f3xx_hal_rcc_ex.o
 .debug_info    0x00000000000100ae     0x2cf6 ./Drivers/STM32F3xx_HAL_Driver/Src/stm32f3xx_hal_tim.o
 .debug_info    0x0000000000012da4     0x163e ./Drivers/STM32F3xx_HAL_Driver/Src/stm32f3xx_hal_tim_ex.o
 .debug_info    0x00000000000143e2     0x3af9 ./Drivers/STM32F3xx_HAL_Driver/Src/stm32f3xx_hal_uart.o

.debug_abbrev   0x0000000000000000     0x2c1e
 .debug_abbrev  0x0000000000000000      0x300 ./Core/Src/ADC.o
 .debug_abbrev  0x0000000000000300      0x48e ./Core/Src/CAN.o
 .debug_abbrev  0x000000000000078e      0x394 ./Core/Src/STM_MotorSystem_init.o
 .debug_abbrev  0x0000000000000b22      0x432 ./Core/Src/main.o
 .debug_abbrev  0x0000000000000f54      0x26f ./Core/Src/stm32f3xx_hal_msp.o
 .debug_abbrev  0x00000000000011c3      0x14e ./Core/Src/stm32f3xx_it.o
 .debug_abbrev  0x0000000000001311      0x145 ./Core/Src/system_stm32f3xx.o
 .debug_abbrev  0x0000000000001456       0x12 ./Core/Startup/startup_stm32f303k8tx.o
 .debug_abbrev  0x0000000000001468      0x1ed ./Drivers/STM32F3xx_HAL_Driver/Src/stm32f3xx_hal.o
 .debug_abbrev  0x0000000000001655      0x253 ./Drivers/STM32F3xx_HAL_Driver/Src/stm32f3xx_hal_adc_ex.o
 .debug_abbrev  0x00000000000018a8      0x215 ./Drivers/STM32F3xx_HAL_Driver/Src/stm32f3xx_hal_can.o
 .debug_abbrev  0x0000000000001abd      0x313 ./Drivers/STM32F3xx_HAL_Driver/Src/stm32f3xx_hal_cortex.o
 .debug_abbrev  0x0000000000001dd0      0x1e8 ./Drivers/STM32F3xx_HAL_Driver/Src/stm32f3xx_hal_gpio.o
 .debug_abbrev  0x0000000000001fb8      0x2c4 ./Drivers/STM32F3xx_HAL_Driver/Src/stm32f3xx_hal_rcc.o
 .debug_abbrev  0x000000000000227c      0x22b ./Drivers/STM32F3xx_HAL_Driver/Src/stm32f3xx_hal_rcc_ex.o
 .debug_abbrev  0x00000000000024a7      0x25e ./Drivers/STM32F3xx_HAL_Driver/Src/stm32f3xx_hal_tim.o
 .debug_abbrev  0x0000000000002705      0x266 ./Drivers/STM32F3xx_HAL_Driver/Src/stm32f3xx_hal_tim_ex.o
 .debug_abbrev  0x000000000000296b      0x2b3 ./Drivers/STM32F3xx_HAL_Driver/Src/stm32f3xx_hal_uart.o

.debug_aranges  0x0000000000000000      0xf88
 .debug_aranges
                0x0000000000000000       0x30 ./Core/Src/ADC.o
 .debug_aranges
                0x0000000000000030       0x68 ./Core/Src/CAN.o
 .debug_aranges
                0x0000000000000098       0x28 ./Core/Src/STM_MotorSystem_init.o
 .debug_aranges
                0x00000000000000c0       0x78 ./Core/Src/main.o
 .debug_aranges
                0x0000000000000138       0x78 ./Core/Src/stm32f3xx_hal_msp.o
 .debug_aranges
                0x00000000000001b0       0x70 ./Core/Src/stm32f3xx_it.o
 .debug_aranges
                0x0000000000000220       0x28 ./Core/Src/system_stm32f3xx.o
 .debug_aranges
                0x0000000000000248       0x28 ./Core/Startup/startup_stm32f303k8tx.o
 .debug_aranges
                0x0000000000000270       0xe0 ./Drivers/STM32F3xx_HAL_Driver/Src/stm32f3xx_hal.o
 .debug_aranges
                0x0000000000000350      0x168 ./Drivers/STM32F3xx_HAL_Driver/Src/stm32f3xx_hal_adc_ex.o
 .debug_aranges
                0x00000000000004b8      0x138 ./Drivers/STM32F3xx_HAL_Driver/Src/stm32f3xx_hal_can.o
 .debug_aranges
                0x00000000000005f0      0x100 ./Drivers/STM32F3xx_HAL_Driver/Src/stm32f3xx_hal_cortex.o
 .debug_aranges
                0x00000000000006f0       0x58 ./Drivers/STM32F3xx_HAL_Driver/Src/stm32f3xx_hal_gpio.o
 .debug_aranges
                0x0000000000000748       0x88 ./Drivers/STM32F3xx_HAL_Driver/Src/stm32f3xx_hal_rcc.o
 .debug_aranges
                0x00000000000007d0       0x38 ./Drivers/STM32F3xx_HAL_Driver/Src/stm32f3xx_hal_rcc_ex.o
 .debug_aranges
                0x0000000000000808      0x3e0 ./Drivers/STM32F3xx_HAL_Driver/Src/stm32f3xx_hal_tim.o
 .debug_aranges
                0x0000000000000be8      0x178 ./Drivers/STM32F3xx_HAL_Driver/Src/stm32f3xx_hal_tim_ex.o
 .debug_aranges
                0x0000000000000d60      0x228 ./Drivers/STM32F3xx_HAL_Driver/Src/stm32f3xx_hal_uart.o

.debug_ranges   0x0000000000000000      0xea0
 .debug_ranges  0x0000000000000000       0x20 ./Core/Src/ADC.o
 .debug_ranges  0x0000000000000020       0x58 ./Core/Src/CAN.o
 .debug_ranges  0x0000000000000078       0x18 ./Core/Src/STM_MotorSystem_init.o
 .debug_ranges  0x0000000000000090       0x68 ./Core/Src/main.o
 .debug_ranges  0x00000000000000f8       0x68 ./Core/Src/stm32f3xx_hal_msp.o
 .debug_ranges  0x0000000000000160       0x60 ./Core/Src/stm32f3xx_it.o
 .debug_ranges  0x00000000000001c0       0x18 ./Core/Src/system_stm32f3xx.o
 .debug_ranges  0x00000000000001d8       0x20 ./Core/Startup/startup_stm32f303k8tx.o
 .debug_ranges  0x00000000000001f8       0xd0 ./Drivers/STM32F3xx_HAL_Driver/Src/stm32f3xx_hal.o
 .debug_ranges  0x00000000000002c8      0x158 ./Drivers/STM32F3xx_HAL_Driver/Src/stm32f3xx_hal_adc_ex.o
 .debug_ranges  0x0000000000000420      0x128 ./Drivers/STM32F3xx_HAL_Driver/Src/stm32f3xx_hal_can.o
 .debug_ranges  0x0000000000000548       0xf0 ./Drivers/STM32F3xx_HAL_Driver/Src/stm32f3xx_hal_cortex.o
 .debug_ranges  0x0000000000000638       0x48 ./Drivers/STM32F3xx_HAL_Driver/Src/stm32f3xx_hal_gpio.o
 .debug_ranges  0x0000000000000680       0x78 ./Drivers/STM32F3xx_HAL_Driver/Src/stm32f3xx_hal_rcc.o
 .debug_ranges  0x00000000000006f8       0x28 ./Drivers/STM32F3xx_HAL_Driver/Src/stm32f3xx_hal_rcc_ex.o
 .debug_ranges  0x0000000000000720      0x3d0 ./Drivers/STM32F3xx_HAL_Driver/Src/stm32f3xx_hal_tim.o
 .debug_ranges  0x0000000000000af0      0x168 ./Drivers/STM32F3xx_HAL_Driver/Src/stm32f3xx_hal_tim_ex.o
 .debug_ranges  0x0000000000000c58      0x248 ./Drivers/STM32F3xx_HAL_Driver/Src/stm32f3xx_hal_uart.o

.debug_macro    0x0000000000000000    0x1eb51
 .debug_macro   0x0000000000000000      0x202 ./Core/Src/ADC.o
 .debug_macro   0x0000000000000202      0xb80 ./Core/Src/ADC.o
 .debug_macro   0x0000000000000d82      0x163 ./Core/Src/ADC.o
 .debug_macro   0x0000000000000ee5       0x2e ./Core/Src/ADC.o
 .debug_macro   0x0000000000000f13       0x28 ./Core/Src/ADC.o
 .debug_macro   0x0000000000000f3b       0x1c ./Core/Src/ADC.o
 .debug_macro   0x0000000000000f57       0x22 ./Core/Src/ADC.o
 .debug_macro   0x0000000000000f79       0x8e ./Core/Src/ADC.o
 .debug_macro   0x0000000000001007       0x51 ./Core/Src/ADC.o
 .debug_macro   0x0000000000001058      0x103 ./Core/Src/ADC.o
 .debug_macro   0x000000000000115b       0x6a ./Core/Src/ADC.o
 .debug_macro   0x00000000000011c5      0x1df ./Core/Src/ADC.o
 .debug_macro   0x00000000000013a4       0x1c ./Core/Src/ADC.o
 .debug_macro   0x00000000000013c0       0x22 ./Core/Src/ADC.o
 .debug_macro   0x00000000000013e2       0xdf ./Core/Src/ADC.o
 .debug_macro   0x00000000000014c1      0xf07 ./Core/Src/ADC.o
 .debug_macro   0x00000000000023c8    0x10be0 ./Core/Src/ADC.o
 .debug_macro   0x0000000000012fa8       0x6d ./Core/Src/ADC.o
 .debug_macro   0x0000000000013015     0x3540 ./Core/Src/ADC.o
 .debug_macro   0x0000000000016555      0x17b ./Core/Src/ADC.o
 .debug_macro   0x00000000000166d0       0x55 ./Core/Src/ADC.o
 .debug_macro   0x0000000000016725      0x8f9 ./Core/Src/ADC.o
 .debug_macro   0x000000000001701e      0x304 ./Core/Src/ADC.o
 .debug_macro   0x0000000000017322      0x1b6 ./Core/Src/ADC.o
 .debug_macro   0x00000000000174d8      0x11b ./Core/Src/ADC.o
 .debug_macro   0x00000000000175f3      0x1d5 ./Core/Src/ADC.o
 .debug_macro   0x00000000000177c8      0x1bc ./Core/Src/ADC.o
 .debug_macro   0x0000000000017984       0x34 ./Core/Src/ADC.o
 .debug_macro   0x00000000000179b8       0x3c ./Core/Src/ADC.o
 .debug_macro   0x00000000000179f4       0x57 ./Core/Src/ADC.o
 .debug_macro   0x0000000000017a4b      0x87d ./Core/Src/ADC.o
 .debug_macro   0x00000000000182c8       0x77 ./Core/Src/ADC.o
 .debug_macro   0x000000000001833f      0x408 ./Core/Src/ADC.o
 .debug_macro   0x0000000000018747       0xc5 ./Core/Src/ADC.o
 .debug_macro   0x000000000001880c      0x19f ./Core/Src/ADC.o
 .debug_macro   0x00000000000189ab      0x22c ./Core/Src/ADC.o
 .debug_macro   0x0000000000018bd7       0x5b ./Core/Src/ADC.o
 .debug_macro   0x0000000000018c32       0xa5 ./Core/Src/ADC.o
 .debug_macro   0x0000000000018cd7       0x81 ./Core/Src/ADC.o
 .debug_macro   0x0000000000018d58       0xd3 ./Core/Src/ADC.o
 .debug_macro   0x0000000000018e2b      0xa3d ./Core/Src/ADC.o
 .debug_macro   0x0000000000019868       0x59 ./Core/Src/ADC.o
 .debug_macro   0x00000000000198c1      0x5a5 ./Core/Src/ADC.o
 .debug_macro   0x0000000000019e66       0x44 ./Core/Src/ADC.o
 .debug_macro   0x0000000000019eaa      0x285 ./Core/Src/ADC.o
 .debug_macro   0x000000000001a12f      0x399 ./Core/Src/CAN.o
 .debug_macro   0x000000000001a4c8       0x52 ./Core/Src/CAN.o
 .debug_macro   0x000000000001a51a       0x18 ./Core/Src/CAN.o
 .debug_macro   0x000000000001a532       0x3c ./Core/Src/CAN.o
 .debug_macro   0x000000000001a56e       0x34 ./Core/Src/CAN.o
 .debug_macro   0x000000000001a5a2       0x16 ./Core/Src/CAN.o
 .debug_macro   0x000000000001a5b8       0x35 ./Core/Src/CAN.o
 .debug_macro   0x000000000001a5ed      0x356 ./Core/Src/CAN.o
 .debug_macro   0x000000000001a943       0x10 ./Core/Src/CAN.o
 .debug_macro   0x000000000001a953       0x16 ./Core/Src/CAN.o
 .debug_macro   0x000000000001a969       0x43 ./Core/Src/CAN.o
 .debug_macro   0x000000000001a9ac       0x34 ./Core/Src/CAN.o
 .debug_macro   0x000000000001a9e0       0x10 ./Core/Src/CAN.o
 .debug_macro   0x000000000001a9f0       0x58 ./Core/Src/CAN.o
 .debug_macro   0x000000000001aa48       0x71 ./Core/Src/CAN.o
 .debug_macro   0x000000000001aab9       0x16 ./Core/Src/CAN.o
 .debug_macro   0x000000000001aacf      0x12a ./Core/Src/CAN.o
 .debug_macro   0x000000000001abf9       0x10 ./Core/Src/CAN.o
 .debug_macro   0x000000000001ac09       0x1c ./Core/Src/CAN.o
 .debug_macro   0x000000000001ac25       0x52 ./Core/Src/CAN.o
 .debug_macro   0x000000000001ac77       0x22 ./Core/Src/CAN.o
 .debug_macro   0x000000000001ac99       0x10 ./Core/Src/CAN.o
 .debug_macro   0x000000000001aca9       0x40 ./Core/Src/CAN.o
 .debug_macro   0x000000000001ace9       0xd5 ./Core/Src/CAN.o
 .debug_macro   0x000000000001adbe       0x1c ./Core/Src/CAN.o
 .debug_macro   0x000000000001adda       0x3d ./Core/Src/CAN.o
 .debug_macro   0x000000000001ae17       0x16 ./Core/Src/CAN.o
 .debug_macro   0x000000000001ae2d      0x137 ./Core/Src/CAN.o
 .debug_macro   0x000000000001af64      0x392 ./Core/Src/STM_MotorSystem_init.o
 .debug_macro   0x000000000001b2f6       0x10 ./Core/Src/STM_MotorSystem_init.o
 .debug_macro   0x000000000001b306      0x396 ./Core/Src/main.o
 .debug_macro   0x000000000001b69c      0x1f3 ./Core/Src/stm32f3xx_hal_msp.o
 .debug_macro   0x000000000001b88f      0xaa8 ./Core/Src/stm32f3xx_hal_msp.o
 .debug_macro   0x000000000001c337      0xf07 ./Core/Src/stm32f3xx_hal_msp.o
 .debug_macro   0x000000000001d23e      0x174 ./Core/Src/stm32f3xx_hal_msp.o
 .debug_macro   0x000000000001d3b2      0x1fd ./Core/Src/stm32f3xx_it.o
 .debug_macro   0x000000000001d5af      0x1e9 ./Core/Src/system_stm32f3xx.o
 .debug_macro   0x000000000001d798      0x20d ./Drivers/STM32F3xx_HAL_Driver/Src/stm32f3xx_hal.o
 .debug_macro   0x000000000001d9a5      0x213 ./Drivers/STM32F3xx_HAL_Driver/Src/stm32f3xx_hal_adc_ex.o
 .debug_macro   0x000000000001dbb8      0x1f1 ./Drivers/STM32F3xx_HAL_Driver/Src/stm32f3xx_hal_can.o
 .debug_macro   0x000000000001dda9      0x1e9 ./Drivers/STM32F3xx_HAL_Driver/Src/stm32f3xx_hal_cortex.o
 .debug_macro   0x000000000001df92      0x1f0 ./Drivers/STM32F3xx_HAL_Driver/Src/stm32f3xx_hal_gpio.o
 .debug_macro   0x000000000001e182      0x20d ./Drivers/STM32F3xx_HAL_Driver/Src/stm32f3xx_hal_rcc.o
 .debug_macro   0x000000000001e38f      0x1e9 ./Drivers/STM32F3xx_HAL_Driver/Src/stm32f3xx_hal_rcc_ex.o
 .debug_macro   0x000000000001e578      0x1ea ./Drivers/STM32F3xx_HAL_Driver/Src/stm32f3xx_hal_tim.o
 .debug_macro   0x000000000001e762      0x1e9 ./Drivers/STM32F3xx_HAL_Driver/Src/stm32f3xx_hal_tim_ex.o
 .debug_macro   0x000000000001e94b      0x206 ./Drivers/STM32F3xx_HAL_Driver/Src/stm32f3xx_hal_uart.o

.debug_line     0x0000000000000000    0x13b1d
 .debug_line    0x0000000000000000      0x818 ./Core/Src/ADC.o
 .debug_line    0x0000000000000818      0xadd ./Core/Src/CAN.o
 .debug_line    0x00000000000012f5      0x984 ./Core/Src/STM_MotorSystem_init.o
 .debug_line    0x0000000000001c79      0xd0f ./Core/Src/main.o
 .debug_line    0x0000000000002988      0x906 ./Core/Src/stm32f3xx_hal_msp.o
 .debug_line    0x000000000000328e      0x81d ./Core/Src/stm32f3xx_it.o
 .debug_line    0x0000000000003aab      0x7a1 ./Core/Src/system_stm32f3xx.o
 .debug_line    0x000000000000424c       0x88 ./Core/Startup/startup_stm32f303k8tx.o
 .debug_line    0x00000000000042d4      0x9d6 ./Drivers/STM32F3xx_HAL_Driver/Src/stm32f3xx_hal.o
 .debug_line    0x0000000000004caa     0x20c5 ./Drivers/STM32F3xx_HAL_Driver/Src/stm32f3xx_hal_adc_ex.o
 .debug_line    0x0000000000006d6f     0x1175 ./Drivers/STM32F3xx_HAL_Driver/Src/stm32f3xx_hal_can.o
 .debug_line    0x0000000000007ee4      0xbbe ./Drivers/STM32F3xx_HAL_Driver/Src/stm32f3xx_hal_cortex.o
 .debug_line    0x0000000000008aa2      0xb23 ./Drivers/STM32F3xx_HAL_Driver/Src/stm32f3xx_hal_gpio.o
 .debug_line    0x00000000000095c5     0x13b1 ./Drivers/STM32F3xx_HAL_Driver/Src/stm32f3xx_hal_rcc.o
 .debug_line    0x000000000000a976      0xa79 ./Drivers/STM32F3xx_HAL_Driver/Src/stm32f3xx_hal_rcc_ex.o
 .debug_line    0x000000000000b3ef     0x3bfb ./Drivers/STM32F3xx_HAL_Driver/Src/stm32f3xx_hal_tim.o
 .debug_line    0x000000000000efea     0x1a49 ./Drivers/STM32F3xx_HAL_Driver/Src/stm32f3xx_hal_tim_ex.o
 .debug_line    0x0000000000010a33     0x30ea ./Drivers/STM32F3xx_HAL_Driver/Src/stm32f3xx_hal_uart.o

.debug_str      0x0000000000000000    0xaf679
 .debug_str     0x0000000000000000    0xa678a ./Core/Src/ADC.o
                                      0xa6b8c (size before relaxing)
 .debug_str     0x00000000000a678a     0x4df1 ./Core/Src/CAN.o
                                      0xabc43 (size before relaxing)
 .debug_str     0x00000000000ab57b       0xed ./Core/Src/STM_MotorSystem_init.o
                                      0xab78e (size before relaxing)
 .debug_str     0x00000000000ab668      0x711 ./Core/Src/main.o
                                      0xabf90 (size before relaxing)
 .debug_str     0x00000000000abd79      0x51c ./Core/Src/stm32f3xx_hal_msp.o
                                      0xa701f (size before relaxing)
 .debug_str     0x00000000000ac295       0xd0 ./Core/Src/stm32f3xx_it.o
                                      0xa634d (size before relaxing)
 .debug_str     0x00000000000ac365       0xb3 ./Core/Src/system_stm32f3xx.o
                                      0xa60d1 (size before relaxing)
 .debug_str     0x00000000000ac418       0x36 ./Core/Startup/startup_stm32f303k8tx.o
                                         0x7b (size before relaxing)
 .debug_str     0x00000000000ac44e      0x305 ./Drivers/STM32F3xx_HAL_Driver/Src/stm32f3xx_hal.o
                                      0xa671f (size before relaxing)
 .debug_str     0x00000000000ac753      0x85b ./Drivers/STM32F3xx_HAL_Driver/Src/stm32f3xx_hal_adc_ex.o
                                      0xa6d29 (size before relaxing)
 .debug_str     0x00000000000acfae      0x456 ./Drivers/STM32F3xx_HAL_Driver/Src/stm32f3xx_hal_can.o
                                      0xa6878 (size before relaxing)
 .debug_str     0x00000000000ad404      0x284 ./Drivers/STM32F3xx_HAL_Driver/Src/stm32f3xx_hal_cortex.o
                                      0xa6700 (size before relaxing)
 .debug_str     0x00000000000ad688      0x187 ./Drivers/STM32F3xx_HAL_Driver/Src/stm32f3xx_hal_gpio.o
                                      0xa62ee (size before relaxing)
 .debug_str     0x00000000000ad80f      0x2de ./Drivers/STM32F3xx_HAL_Driver/Src/stm32f3xx_hal_rcc.o
                                      0xa653f (size before relaxing)
 .debug_str     0x00000000000adaed       0xd8 ./Drivers/STM32F3xx_HAL_Driver/Src/stm32f3xx_hal_rcc_ex.o
                                      0xa6253 (size before relaxing)
 .debug_str     0x00000000000adbc5      0xcf1 ./Drivers/STM32F3xx_HAL_Driver/Src/stm32f3xx_hal_tim.o
                                      0xa7494 (size before relaxing)
 .debug_str     0x00000000000ae8b6      0x550 ./Drivers/STM32F3xx_HAL_Driver/Src/stm32f3xx_hal_tim_ex.o
                                      0xa6c98 (size before relaxing)
 .debug_str     0x00000000000aee06      0x873 ./Drivers/STM32F3xx_HAL_Driver/Src/stm32f3xx_hal_uart.o
                                      0xa6d4f (size before relaxing)

.comment        0x0000000000000000       0x53
 .comment       0x0000000000000000       0x53 ./Core/Src/ADC.o
                                         0x54 (size before relaxing)
 .comment       0x0000000000000053       0x54 ./Core/Src/CAN.o
 .comment       0x0000000000000053       0x54 ./Core/Src/STM_MotorSystem_init.o
 .comment       0x0000000000000053       0x54 ./Core/Src/main.o
 .comment       0x0000000000000053       0x54 ./Core/Src/stm32f3xx_hal_msp.o
 .comment       0x0000000000000053       0x54 ./Core/Src/stm32f3xx_it.o
 .comment       0x0000000000000053       0x54 ./Core/Src/system_stm32f3xx.o
 .comment       0x0000000000000053       0x54 ./Drivers/STM32F3xx_HAL_Driver/Src/stm32f3xx_hal.o
 .comment       0x0000000000000053       0x54 ./Drivers/STM32F3xx_HAL_Driver/Src/stm32f3xx_hal_adc_ex.o
 .comment       0x0000000000000053       0x54 ./Drivers/STM32F3xx_HAL_Driver/Src/stm32f3xx_hal_can.o
 .comment       0x0000000000000053       0x54 ./Drivers/STM32F3xx_HAL_Driver/Src/stm32f3xx_hal_cortex.o
 .comment       0x0000000000000053       0x54 ./Drivers/STM32F3xx_HAL_Driver/Src/stm32f3xx_hal_gpio.o
 .comment       0x0000000000000053       0x54 ./Drivers/STM32F3xx_HAL_Driver/Src/stm32f3xx_hal_rcc.o
 .comment       0x0000000000000053       0x54 ./Drivers/STM32F3xx_HAL_Driver/Src/stm32f3xx_hal_rcc_ex.o
 .comment       0x0000000000000053       0x54 ./Drivers/STM32F3xx_HAL_Driver/Src/stm32f3xx_hal_tim.o
 .comment       0x0000000000000053       0x54 ./Drivers/STM32F3xx_HAL_Driver/Src/stm32f3xx_hal_tim_ex.o
 .comment       0x0000000000000053       0x54 ./Drivers/STM32F3xx_HAL_Driver/Src/stm32f3xx_hal_uart.o

.debug_frame    0x0000000000000000     0x4194
 .debug_frame   0x0000000000000000       0x84 ./Core/Src/ADC.o
 .debug_frame   0x0000000000000084      0x194 ./Core/Src/CAN.o
 .debug_frame   0x0000000000000218       0x5c ./Core/Src/STM_MotorSystem_init.o
 .debug_frame   0x0000000000000274      0x1a0 ./Core/Src/main.o
 .debug_frame   0x0000000000000414      0x1cc ./Core/Src/stm32f3xx_hal_msp.o
 .debug_frame   0x00000000000005e0      0x13c ./Core/Src/stm32f3xx_it.o
 .debug_frame   0x000000000000071c       0x58 ./Core/Src/system_stm32f3xx.o
 .debug_frame   0x0000000000000774      0x334 ./Drivers/STM32F3xx_HAL_Driver/Src/stm32f3xx_hal.o
 .debug_frame   0x0000000000000aa8      0x638 ./Drivers/STM32F3xx_HAL_Driver/Src/stm32f3xx_hal_adc_ex.o
 .debug_frame   0x00000000000010e0      0x5a0 ./Drivers/STM32F3xx_HAL_Driver/Src/stm32f3xx_hal_can.o
 .debug_frame   0x0000000000001680      0x428 ./Drivers/STM32F3xx_HAL_Driver/Src/stm32f3xx_hal_cortex.o
 .debug_frame   0x0000000000001aa8      0x14c ./Drivers/STM32F3xx_HAL_Driver/Src/stm32f3xx_hal_gpio.o
 .debug_frame   0x0000000000001bf4      0x214 ./Drivers/STM32F3xx_HAL_Driver/Src/stm32f3xx_hal_rcc.o
 .debug_frame   0x0000000000001e08       0xb4 ./Drivers/STM32F3xx_HAL_Driver/Src/stm32f3xx_hal_rcc_ex.o
 .debug_frame   0x0000000000001ebc     0x121c ./Drivers/STM32F3xx_HAL_Driver/Src/stm32f3xx_hal_tim.o
 .debug_frame   0x00000000000030d8      0x688 ./Drivers/STM32F3xx_HAL_Driver/Src/stm32f3xx_hal_tim_ex.o
 .debug_frame   0x0000000000003760      0x9e8 ./Drivers/STM32F3xx_HAL_Driver/Src/stm32f3xx_hal_uart.o
 .debug_frame   0x0000000000004148       0x2c c:/st/stm32cubeide_1.7.0/stm32cubeide/plugins/com.st.stm32cube.ide.mcu.externaltools.gnu-tools-for-stm32.9-2020-q2-update.win32_2.0.0.202105311346/tools/bin/../lib/gcc/arm-none-eabi/9.3.1/../../../../arm-none-eabi/lib/thumb/v7e-m+fp/hard\libc_nano.a(lib_a-init.o)
 .debug_frame   0x0000000000004174       0x20 c:/st/stm32cubeide_1.7.0/stm32cubeide/plugins/com.st.stm32cube.ide.mcu.externaltools.gnu-tools-for-stm32.9-2020-q2-update.win32_2.0.0.202105311346/tools/bin/../lib/gcc/arm-none-eabi/9.3.1/../../../../arm-none-eabi/lib/thumb/v7e-m+fp/hard\libc_nano.a(lib_a-memset.o)
