STM_MotorSystem.hpp:89:7:void STM_MotorSystem::set_velocity(float)	16	static
STM_MotorSystem.hpp:94:7:void STM_MotorSystem::set_torque(float)	16	static
STM_MotorSystem.hpp:100:8:float STM_MotorSystem::com_get_velocity()	16	static
STM_MotorSystem.hpp:108:8:float STM_MotorSystem::com_get_current()	16	static
STM_MotorSystem.hpp:142:7:void STM_MotorSystem::set_volt(float)	16	static
STM_MotorSystem.hpp:146:7:void STM_MotorSystem::set_kt(float)	16	static
STM_MotorSystem.hpp:150:7:void STM_MotorSystem::set_ppr(float)	16	static
STM_MotorSystem.hpp:154:7:void STM_MotorSystem::set_current_limit(float)	16	static
STM_MotorSystem.hpp:166:7:void STM_MotorSystem::set_velocity_p(float)	16	static
STM_MotorSystem.hpp:170:7:void STM_MotorSystem::set_velocity_i(float)	16	static
STM_MotorSystem.hpp:174:7:void STM_MotorSystem::set_velocity_d(float)	16	static
STM_MotorSystem.hpp:178:7:void STM_MotorSystem::set_torque_p(float)	16	static
STM_MotorSystem.hpp:182:7:void STM_MotorSystem::set_torque_i(float)	16	static
STM_MotorSystem.hpp:186:7:void STM_MotorSystem::set_torque_d(float)	16	static
CAN.cpp:12:1:USER_CAN::USER_CAN(CAN_HandleTypeDef*)	80	static
CAN.cpp:41:6:void USER_CAN::use_tx_CAN(uint32_t, float)	40	static
CAN.cpp:52:9:uint8_t USER_CAN::get_id_CAN()	24	static
CAN.cpp:61:6:void USER_CAN::set_id_CAN(GPIO_TypeDef*, GPIO_TypeDef*, GPIO_TypeDef*, GPIO_TypeDef*, uint16_t, uint16_t, uint16_t, uint16_t)	24	static
CAN.cpp:80:6:void USER_CAN::filter_set()	16	static
CAN.cpp:86:6:void USER_CAN::use_rx_CAN(CAN_HandleTypeDef*)	64	static
CAN.cpp:185:6:void HAL_CAN_RxFifo0MsgPendingCallback(CAN_HandleTypeDef*)	24	static
