ADC.hpp:88:7:void ADC::ADC_set_gain(float)	16	static
STM_MotorSystem.hpp:107:7:void STM_MotorSystem::set_velocity(float)	16	static
STM_MotorSystem.hpp:112:7:void STM_MotorSystem::set_torque(float)	16	static
STM_MotorSystem.hpp:118:7:void STM_MotorSystem::set_angle(float)	16	static
STM_MotorSystem.hpp:123:8:float STM_MotorSystem::com_get_velocity()	16	static
STM_MotorSystem.hpp:131:8:float STM_MotorSystem::com_get_current()	16	static
STM_MotorSystem.hpp:143:8:float STM_MotorSystem::com_get_sum_angle()	16	static
STM_MotorSystem.hpp:177:7:void STM_MotorSystem::set_volt(float)	16	static
STM_MotorSystem.hpp:181:7:void STM_MotorSystem::set_kt(float)	16	static
STM_MotorSystem.hpp:185:7:void STM_MotorSystem::set_ppr(float)	16	static
STM_MotorSystem.hpp:189:7:void STM_MotorSystem::set_current_limit(float)	16	static
STM_MotorSystem.hpp:201:7:void STM_MotorSystem::set_velocity_p(float)	16	static
STM_MotorSystem.hpp:205:7:void STM_MotorSystem::set_velocity_i(float)	16	static
STM_MotorSystem.hpp:209:7:void STM_MotorSystem::set_velocity_d(float)	16	static
STM_MotorSystem.hpp:215:7:void STM_MotorSystem::set_torque_p(float)	16	static
STM_MotorSystem.hpp:219:7:void STM_MotorSystem::set_torque_i(float)	16	static
STM_MotorSystem.hpp:223:7:void STM_MotorSystem::set_torque_d(float)	16	static
STM_MotorSystem.hpp:229:7:void STM_MotorSystem::set_angle_p(float)	16	static
STM_MotorSystem.hpp:233:7:void STM_MotorSystem::set_angle_i(float)	16	static
STM_MotorSystem.hpp:237:7:void STM_MotorSystem::set_angle_d(float)	16	static
STM_MotorSystem.hpp:294:14:void STM_MotorSystem::set_coast()	16	static
STM_MotorSystem.hpp:299:13:void STM_MotorSystem::STM_MotorSystem_stop()	16	static
CAN.cpp:12:1:USER_CAN::USER_CAN(CAN_HandleTypeDef*)	16	static
CAN.cpp:33:6:void USER_CAN::use_tx_CAN(uint32_t, float)	40	static
CAN.cpp:45:9:uint8_t USER_CAN::get_id_CAN()	24	static
CAN.cpp:54:6:void USER_CAN::set_id_CAN(GPIO_TypeDef*, GPIO_TypeDef*, GPIO_TypeDef*, GPIO_TypeDef*, uint16_t, uint16_t, uint16_t, uint16_t)	24	static
CAN.cpp:73:6:void USER_CAN::filter_set()	16	static
CAN.cpp:83:6:void USER_CAN::use_rx_CAN(CAN_HandleTypeDef*)	64	static
CAN.cpp:225:6:void HAL_CAN_RxFifo0MsgPendingCallback(CAN_HandleTypeDef*)	24	static
