ADC.hpp:75:7:void ADC::ADC_start()	16	static
main.cpp:79:5:int main()	448	static
main.cpp:130:6:void SystemClock_Config()	96	static
main.cpp:179:13:void MX_ADC2_Init()	32	static
main.cpp:234:13:void MX_CAN_Init()	8	static
main.cpp:271:13:void MX_TIM1_Init()	40	static
main.cpp:318:13:void MX_TIM2_Init()	56	static
main.cpp:367:13:void MX_TIM3_Init()	64	static
main.cpp:427:13:void MX_USART1_UART_Init()	8	static
main.cpp:462:13:void MX_GPIO_Init()	40	static
main.cpp:515:6:void Error_Handler()	4	static,ignoring_inline_asm
