STM_MotorSystem.hpp:93:7:void STM_MotorSystem::set_velocity(float)	16	static
STM_MotorSystem.hpp:150:7:void STM_MotorSystem::set_kt(float)	16	static
STM_MotorSystem.hpp:154:7:void STM_MotorSystem::set_ppr(float)	16	static
STM_MotorSystem.hpp:170:7:void STM_MotorSystem::set_velocity_p(float)	16	static
STM_MotorSystem.hpp:174:7:void STM_MotorSystem::set_velocity_i(float)	16	static
main.cpp:79:5:int main()	520	static
main.cpp:138:6:void SystemClock_Config()	96	static
main.cpp:187:13:void MX_ADC2_Init()	32	static
main.cpp:242:13:void MX_CAN_Init()	8	static
main.cpp:279:13:void MX_TIM1_Init()	40	static
main.cpp:326:13:void MX_TIM2_Init()	56	static
main.cpp:375:13:void MX_TIM3_Init()	64	static
main.cpp:435:13:void MX_USART1_UART_Init()	8	static
main.cpp:470:13:void MX_GPIO_Init()	40	static
main.cpp:523:6:void Error_Handler()	4	static,ignoring_inline_asm
