PID.hpp:79:14:float PID::PID_controller(float)	24	static
ENCODER.hpp:30:17:uint32_t ENCODER::get_count()	16	static
ADC.hpp:103:13:void ADC::ADC_stop()	16	static
STM_MotorSystem.hpp:286:13:void STM_MotorSystem::set_dir(GPIO_PinState)	16	static
STM_MotorSystem_control.cpp:12:6:void STM_MotorSystem::motor_control()	16	static
STM_MotorSystem_control.cpp:118:6:void STM_MotorSystem::controller_velocity()	24	static
STM_MotorSystem_control.cpp:140:6:void STM_MotorSystem::controller_torque()	32	static
STM_MotorSystem_control.cpp:170:6:void STM_MotorSystem::controller_angle()	24	static
STM_MotorSystem_control.cpp:184:7:float STM_MotorSystem::get_velocity()	40	static
STM_MotorSystem_control.cpp:201:7:float STM_MotorSystem::get_current()	16	static
STM_MotorSystem_control.cpp:206:7:float STM_MotorSystem::get_angle()	24	static
STM_MotorSystem_control.cpp:212:7:float STM_MotorSystem::get_sum_angle()	40	static
STM_MotorSystem_control.cpp:218:6:void HAL_TIM_PeriodElapsedCallback(TIM_HandleTypeDef*)	24	static
