PID.hpp:39:8:PID::PID(float, float, float, float)	32	static
PID.hpp:45:13:void PID::PID_set_p(float)	16	static
PID.hpp:49:13:void PID::PID_set_i(float)	16	static
PID.hpp:53:13:void PID::PID_set_d(float)	16	static
PID.hpp:57:13:void PID::PID_set_dt(float)	16	static
PID.hpp:94:13:void PID::PID_reset()	16	static
ADC.hpp:88:7:void ADC::ADC_set_gain(float)	16	static
ADC.hpp:95:13:void ADC::ADC_start()	16	static
ADC.hpp:103:13:void ADC::ADC_stop()	16	static
STM_MotorSystem.hpp:164:7:void STM_MotorSystem::set_coast_pin(GPIO_TypeDef*, uint16_t)	24	static
STM_MotorSystem.hpp:235:13:void STM_MotorSystem::set_dir_pin(GPIO_TypeDef*, uint16_t)	24	static
STM_MotorSystem_init.cpp:10:1:STM_MotorSystem::STM_MotorSystem(ADC_HandleTypeDef*, CAN_HandleTypeDef*, TIM_HandleTypeDef*, TIM_HandleTypeDef*, uint32_t, TIM_HandleTypeDef*)	24	static
STM_MotorSystem_init.cpp:96:6:void STM_MotorSystem::STM_MotorSystem_init()	16	static
STM_MotorSystem_init.cpp:113:6:void STM_MotorSystem::STM_MotorSystem_start()	16	static
