PID.hpp:109:14:float PID::PID_controller(float)	24	static
ENCODER.hpp:30:17:uint32_t ENCODER::get_count()	16	static
ADC.hpp:103:13:void ADC::ADC_stop()	16	static
STM_MotorSystem.hpp:290:13:void STM_MotorSystem::set_dir(GPIO_PinState)	16	static
STM_MotorSystem_control.cpp:12:6:void STM_MotorSystem::motor_control()	16	static
STM_MotorSystem_control.cpp:120:6:void STM_MotorSystem::controller_velocity()	24	static
STM_MotorSystem_control.cpp:143:6:void STM_MotorSystem::controller_torque()	32	static
STM_MotorSystem_control.cpp:173:6:void STM_MotorSystem::controller_angle()	24	static
STM_MotorSystem_control.cpp:205:7:float STM_MotorSystem::get_velocity()	40	static
STM_MotorSystem_control.cpp:222:7:float STM_MotorSystem::get_current()	16	static
STM_MotorSystem_control.cpp:227:9:int32_t STM_MotorSystem::get_angle_cnt()	24	static
STM_MotorSystem_control.cpp:233:7:float STM_MotorSystem::get_angle()	32	static
STM_MotorSystem_control.cpp:240:7:float STM_MotorSystem::get_sum_angle()	40	static
STM_MotorSystem_control.cpp:246:6:void HAL_TIM_PeriodElapsedCallback(TIM_HandleTypeDef*)	24	static
